Archive member included to satisfy reference by file (symbol)

c:/st/stm32cubeide_1.8.0/stm32cubeide/plugins/com.st.stm32cube.ide.mcu.externaltools.gnu-tools-for-stm32.9-2020-q2-update.win32_2.0.0.202105311346/tools/bin/../lib/gcc/arm-none-eabi/9.3.1/../../../../arm-none-eabi/lib/thumb/v7e-m+fp/hard\libc_nano.a(lib_a-errno.o)
                              ./Core/Src/syscalls.o (__errno)
c:/st/stm32cubeide_1.8.0/stm32cubeide/plugins/com.st.stm32cube.ide.mcu.externaltools.gnu-tools-for-stm32.9-2020-q2-update.win32_2.0.0.202105311346/tools/bin/../lib/gcc/arm-none-eabi/9.3.1/../../../../arm-none-eabi/lib/thumb/v7e-m+fp/hard\libc_nano.a(lib_a-exit.o)
                              c:/st/stm32cubeide_1.8.0/stm32cubeide/plugins/com.st.stm32cube.ide.mcu.externaltools.gnu-tools-for-stm32.9-2020-q2-update.win32_2.0.0.202105311346/tools/bin/../lib/gcc/arm-none-eabi/9.3.1/../../../../arm-none-eabi/lib/thumb/v7e-m+fp/hard/crt0.o (exit)
c:/st/stm32cubeide_1.8.0/stm32cubeide/plugins/com.st.stm32cube.ide.mcu.externaltools.gnu-tools-for-stm32.9-2020-q2-update.win32_2.0.0.202105311346/tools/bin/../lib/gcc/arm-none-eabi/9.3.1/../../../../arm-none-eabi/lib/thumb/v7e-m+fp/hard\libc_nano.a(lib_a-impure.o)
                              c:/st/stm32cubeide_1.8.0/stm32cubeide/plugins/com.st.stm32cube.ide.mcu.externaltools.gnu-tools-for-stm32.9-2020-q2-update.win32_2.0.0.202105311346/tools/bin/../lib/gcc/arm-none-eabi/9.3.1/../../../../arm-none-eabi/lib/thumb/v7e-m+fp/hard\libc_nano.a(lib_a-exit.o) (_global_impure_ptr)
c:/st/stm32cubeide_1.8.0/stm32cubeide/plugins/com.st.stm32cube.ide.mcu.externaltools.gnu-tools-for-stm32.9-2020-q2-update.win32_2.0.0.202105311346/tools/bin/../lib/gcc/arm-none-eabi/9.3.1/../../../../arm-none-eabi/lib/thumb/v7e-m+fp/hard\libc_nano.a(lib_a-init.o)
                              c:/st/stm32cubeide_1.8.0/stm32cubeide/plugins/com.st.stm32cube.ide.mcu.externaltools.gnu-tools-for-stm32.9-2020-q2-update.win32_2.0.0.202105311346/tools/bin/../lib/gcc/arm-none-eabi/9.3.1/../../../../arm-none-eabi/lib/thumb/v7e-m+fp/hard/crt0.o (__libc_init_array)
c:/st/stm32cubeide_1.8.0/stm32cubeide/plugins/com.st.stm32cube.ide.mcu.externaltools.gnu-tools-for-stm32.9-2020-q2-update.win32_2.0.0.202105311346/tools/bin/../lib/gcc/arm-none-eabi/9.3.1/../../../../arm-none-eabi/lib/thumb/v7e-m+fp/hard\libc_nano.a(lib_a-malloc.o)
                              ./Middlewares/ST/STM32_USB_Host_Library/Class/HID/Src/usbh_hid.o (malloc)
c:/st/stm32cubeide_1.8.0/stm32cubeide/plugins/com.st.stm32cube.ide.mcu.externaltools.gnu-tools-for-stm32.9-2020-q2-update.win32_2.0.0.202105311346/tools/bin/../lib/gcc/arm-none-eabi/9.3.1/../../../../arm-none-eabi/lib/thumb/v7e-m+fp/hard\libc_nano.a(lib_a-memset.o)
                              c:/st/stm32cubeide_1.8.0/stm32cubeide/plugins/com.st.stm32cube.ide.mcu.externaltools.gnu-tools-for-stm32.9-2020-q2-update.win32_2.0.0.202105311346/tools/bin/../lib/gcc/arm-none-eabi/9.3.1/../../../../arm-none-eabi/lib/thumb/v7e-m+fp/hard/crt0.o (memset)
c:/st/stm32cubeide_1.8.0/stm32cubeide/plugins/com.st.stm32cube.ide.mcu.externaltools.gnu-tools-for-stm32.9-2020-q2-update.win32_2.0.0.202105311346/tools/bin/../lib/gcc/arm-none-eabi/9.3.1/../../../../arm-none-eabi/lib/thumb/v7e-m+fp/hard\libc_nano.a(lib_a-nano-freer.o)
                              c:/st/stm32cubeide_1.8.0/stm32cubeide/plugins/com.st.stm32cube.ide.mcu.externaltools.gnu-tools-for-stm32.9-2020-q2-update.win32_2.0.0.202105311346/tools/bin/../lib/gcc/arm-none-eabi/9.3.1/../../../../arm-none-eabi/lib/thumb/v7e-m+fp/hard\libc_nano.a(lib_a-malloc.o) (_free_r)
c:/st/stm32cubeide_1.8.0/stm32cubeide/plugins/com.st.stm32cube.ide.mcu.externaltools.gnu-tools-for-stm32.9-2020-q2-update.win32_2.0.0.202105311346/tools/bin/../lib/gcc/arm-none-eabi/9.3.1/../../../../arm-none-eabi/lib/thumb/v7e-m+fp/hard\libc_nano.a(lib_a-nano-mallocr.o)
                              c:/st/stm32cubeide_1.8.0/stm32cubeide/plugins/com.st.stm32cube.ide.mcu.externaltools.gnu-tools-for-stm32.9-2020-q2-update.win32_2.0.0.202105311346/tools/bin/../lib/gcc/arm-none-eabi/9.3.1/../../../../arm-none-eabi/lib/thumb/v7e-m+fp/hard\libc_nano.a(lib_a-malloc.o) (_malloc_r)
c:/st/stm32cubeide_1.8.0/stm32cubeide/plugins/com.st.stm32cube.ide.mcu.externaltools.gnu-tools-for-stm32.9-2020-q2-update.win32_2.0.0.202105311346/tools/bin/../lib/gcc/arm-none-eabi/9.3.1/../../../../arm-none-eabi/lib/thumb/v7e-m+fp/hard\libc_nano.a(lib_a-sbrkr.o)
                              c:/st/stm32cubeide_1.8.0/stm32cubeide/plugins/com.st.stm32cube.ide.mcu.externaltools.gnu-tools-for-stm32.9-2020-q2-update.win32_2.0.0.202105311346/tools/bin/../lib/gcc/arm-none-eabi/9.3.1/../../../../arm-none-eabi/lib/thumb/v7e-m+fp/hard\libc_nano.a(lib_a-nano-mallocr.o) (_sbrk_r)
c:/st/stm32cubeide_1.8.0/stm32cubeide/plugins/com.st.stm32cube.ide.mcu.externaltools.gnu-tools-for-stm32.9-2020-q2-update.win32_2.0.0.202105311346/tools/bin/../lib/gcc/arm-none-eabi/9.3.1/../../../../arm-none-eabi/lib/thumb/v7e-m+fp/hard\libc_nano.a(lib_a-mlock.o)
[...]
Memory Configuration

Name             Origin             Length             Attributes
RAM              0x0000000020000000 0x0000000000010000 xrw
FLASH            0x0000000008000000 0x0000000000020000 xr
*default*        0x0000000000000000 0xffffffffffffffff

Linker script and memory map

LOAD c:/st/stm32cubeide_1.8.0/stm32cubeide/plugins/com.st.stm32cube.ide.mcu.externaltools.gnu-tools-for-stm32.9-2020-q2-update.win32_2.0.0.202105311346/tools/bin/../lib/gcc/arm-none-eabi/9.3.1/thumb/v7e-m+fp/hard/crti.o
LOAD c:/st/stm32cubeide_1.8.0/stm32cubeide/plugins/com.st.stm32cube.ide.mcu.externaltools.gnu-tools-for-stm32.9-2020-q2-update.win32_2.0.0.202105311346/tools/bin/../lib/gcc/arm-none-eabi/9.3.1/thumb/v7e-m+fp/hard/crtbegin.o
LOAD c:/st/stm32cubeide_1.8.0/stm32cubeide/plugins/com.st.stm32cube.ide.mcu.externaltools.gnu-tools-for-stm32.9-2020-q2-update.win32_2.0.0.202105311346/tools/bin/../lib/gcc/arm-none-eabi/9.3.1/../../../../arm-none-eabi/lib/thumb/v7e-m+fp/hard/crt0.o
LOAD ./Core/Src/gpio.o
LOAD ./Core/Src/joystick.o
LOAD ./Core/Src/keyboard.o
LOAD ./Core/Src/main.o
LOAD ./Core/Src/mouse.o
LOAD ./Core/Src/stm32f4xx_hal_msp.o
LOAD ./Core/Src/stm32f4xx_hal_timebase_tim.o
LOAD ./Core/Src/stm32f4xx_it.o
LOAD ./Core/Src/syscalls.o
LOAD ./Core/Src/sysmem.o
LOAD ./Core/Src/system_stm32f4xx.o
LOAD ./Core/Src/tim.o
LOAD ./Core/Startup/startup_stm32f401rbtx.o
LOAD ./Drivers/STM32F4xx_HAL_Driver/Src/stm32f4xx_hal.o
LOAD ./Drivers/STM32F4xx_HAL_Driver/Src/stm32f4xx_hal_cortex.o
LOAD ./Drivers/STM32F4xx_HAL_Driver/Src/stm32f4xx_hal_dma.o
LOAD ./Drivers/STM32F4xx_HAL_Driver/Src/stm32f4xx_hal_dma_ex.o
LOAD ./Drivers/STM32F4xx_HAL_Driver/Src/stm32f4xx_hal_exti.o
LOAD ./Drivers/STM32F4xx_HAL_Driver/Src/stm32f4xx_hal_flash.o
LOAD ./Drivers/STM32F4xx_HAL_Driver/Src/stm32f4xx_hal_flash_ex.o
LOAD ./Drivers/STM32F4xx_HAL_Driver/Src/stm32f4xx_hal_flash_ramfunc.o
LOAD ./Drivers/STM32F4xx_HAL_Driver/Src/stm32f4xx_hal_gpio.o
LOAD ./Drivers/STM32F4xx_HAL_Driver/Src/stm32f4xx_hal_hcd.o
LOAD ./Drivers/STM32F4xx_HAL_Driver/Src/stm32f4xx_hal_pwr.o
LOAD ./Drivers/STM32F4xx_HAL_Driver/Src/stm32f4xx_hal_pwr_ex.o
LOAD ./Drivers/STM32F4xx_HAL_Driver/Src/stm32f4xx_hal_rcc.o
LOAD ./Drivers/STM32F4xx_HAL_Driver/Src/stm32f4xx_hal_rcc_ex.o
LOAD ./Drivers/STM32F4xx_HAL_Driver/Src/stm32f4xx_hal_tim.o
LOAD ./Drivers/STM32F4xx_HAL_Driver/Src/stm32f4xx_hal_tim_ex.o
LOAD ./Drivers/STM32F4xx_HAL_Driver/Src/stm32f4xx_ll_usb.o
LOAD ./Middlewares/ST/STM32_USB_Host_Library/Class/HID/Src/usbh_hid.o
LOAD ./Middlewares/ST/STM32_USB_Host_Library/Class/HID/Src/usbh_hid_gamepad.o
LOAD ./Middlewares/ST/STM32_USB_Host_Library/Class/HID/Src/usbh_hid_keybd.o
LOAD ./Middlewares/ST/STM32_USB_Host_Library/Class/HID/Src/usbh_hid_mouse.o
LOAD ./Middlewares/ST/STM32_USB_Host_Library/Class/HID/Src/usbh_hid_parser.o
LOAD ./Middlewares/ST/STM32_USB_Host_Library/Class/HID/Src/usbh_hid_reportparser.o
LOAD ./Middlewares/ST/STM32_USB_Host_Library/Core/Src/usbh_core.o
LOAD ./Middlewares/ST/STM32_USB_Host_Library/Core/Src/usbh_ctlreq.o
LOAD ./Middlewares/ST/STM32_USB_Host_Library/Core/Src/usbh_ioreq.o
LOAD ./Middlewares/ST/STM32_USB_Host_Library/Core/Src/usbh_pipes.o
LOAD ./USB_HOST/App/usb_host.o
LOAD ./USB_HOST/Target/usbh_conf.o
START GROUP
LOAD c:/st/stm32cubeide_1.8.0/stm32cubeide/plugins/com.st.stm32cube.ide.mcu.externaltools.gnu-tools-for-stm32.9-2020-q2-update.win32_2.0.0.202105311346/tools/bin/../lib/gcc/arm-none-eabi/9.3.1/../../../../arm-none-eabi/lib/thumb/v7e-m+fp/hard\libc_nano.a
LOAD c:/st/stm32cubeide_1.8.0/stm32cubeide/plugins/com.st.stm32cube.ide.mcu.externaltools.gnu-tools-for-stm32.9-2020-q2-update.win32_2.0.0.202105311346/tools/bin/../lib/gcc/arm-none-eabi/9.3.1/../../../../arm-none-eabi/lib/thumb/v7e-m+fp/hard\libm.a
END GROUP
START GROUP
LOAD c:/st/stm32cubeide_1.8.0/stm32cubeide/plugins/com.st.stm32cube.ide.mcu.externaltools.gnu-tools-for-stm32.9-2020-q2-update.win32_2.0.0.202105311346/tools/bin/../lib/gcc/arm-none-eabi/9.3.1/thumb/v7e-m+fp/hard\libgcc.a
LOAD c:/st/stm32cubeide_1.8.0/stm32cubeide/plugins/com.st.stm32cube.ide.mcu.externaltools.gnu-tools-for-stm32.9-2020-q2-update.win32_2.0.0.202105311346/tools/bin/../lib/gcc/arm-none-eabi/9.3.1/../../../../arm-none-eabi/lib/thumb/v7e-m+fp/hard\libc_nano.a
END GROUP
START GROUP
LOAD c:/st/stm32cubeide_1.8.0/stm32cubeide/plugins/com.st.stm32cube.ide.mcu.externaltools.gnu-tools-for-stm32.9-2020-q2-update.win32_2.0.0.202105311346/tools/bin/../lib/gcc/arm-none-eabi/9.3.1/thumb/v7e-m+fp/hard\libgcc.a
LOAD c:/st/stm32cubeide_1.8.0/stm32cubeide/plugins/com.st.stm32cube.ide.mcu.externaltools.gnu-tools-for-stm32.9-2020-q2-update.win32_2.0.0.202105311346/tools/bin/../lib/gcc/arm-none-eabi/9.3.1/../../../../arm-none-eabi/lib/thumb/v7e-m+fp/hard\libc_nano.a
LOAD c:/st/stm32cubeide_1.8.0/stm32cubeide/plugins/com.st.stm32cube.ide.mcu.externaltools.gnu-tools-for-stm32.9-2020-q2-update.win32_2.0.0.202105311346/tools/bin/../lib/gcc/arm-none-eabi/9.3.1/../../../../arm-none-eabi/lib/thumb/v7e-m+fp/hard\libnosys.a
END GROUP
START GROUP
LOAD c:/st/stm32cubeide_1.8.0/stm32cubeide/plugins/com.st.stm32cube.ide.mcu.externaltools.gnu-tools-for-stm32.9-2020-q2-update.win32_2.0.0.202105311346/tools/bin/../lib/gcc/arm-none-eabi/9.3.1/thumb/v7e-m+fp/hard\libgcc.a
LOAD c:/st/stm32cubeide_1.8.0/stm32cubeide/plugins/com.st.stm32cube.ide.mcu.externaltools.gnu-tools-for-stm32.9-2020-q2-update.win32_2.0.0.202105311346/tools/bin/../lib/gcc/arm-none-eabi/9.3.1/../../../../arm-none-eabi/lib/thumb/v7e-m+fp/hard\libc_nano.a
LOAD c:/st/stm32cubeide_1.8.0/stm32cubeide/plugins/com.st.stm32cube.ide.mcu.externaltools.gnu-tools-for-stm32.9-2020-q2-update.win32_2.0.0.202105311346/tools/bin/../lib/gcc/arm-none-eabi/9.3.1/../../../../arm-none-eabi/lib/thumb/v7e-m+fp/hard\libnosys.a
END GROUP
LOAD c:/st/stm32cubeide_1.8.0/stm32cubeide/plugins/com.st.stm32cube.ide.mcu.externaltools.gnu-tools-for-stm32.9-2020-q2-update.win32_2.0.0.202105311346/tools/bin/../lib/gcc/arm-none-eabi/9.3.1/thumb/v7e-m+fp/hard/crtend.o
LOAD c:/st/stm32cubeide_1.8.0/stm32cubeide/plugins/com.st.stm32cube.ide.mcu.externaltools.gnu-tools-for-stm32.9-2020-q2-update.win32_2.0.0.202105311346/tools/bin/../lib/gcc/arm-none-eabi/9.3.1/thumb/v7e-m+fp/hard/crtn.o
                0x0000000020010000                _estack = (ORIGIN (RAM) + LENGTH (RAM))
                0x0000000000002000                _Min_Heap_Size = 0x2000
                0x0000000000002000                _Min_Stack_Size = 0x2000

.isr_vector     0x0000000008000000      0x194
                0x0000000008000000                . = ALIGN (0x4)
 *(.isr_vector)
 .isr_vector    0x0000000008000000      0x194 ./Core/Startup/startup_stm32f401rbtx.o
                0x0000000008000000                g_pfnVectors
                0x0000000008000194                . = ALIGN (0x4)

.text           0x0000000008000194     0x8e80
                0x0000000008000194                . = ALIGN (0x4)
 *(.text)
 .text          0x0000000008000194       0x40 c:/st/stm32cubeide_1.8.0/stm32cubeide/plugins/com.st.stm32cube.ide.mcu.externaltools.gnu-tools-for-stm32.9-2020-q2-update.win32_2.0.0.202105311346/tools/bin/../lib/gcc/arm-none-eabi/9.3.1/thumb/v7e-m+fp/hard/crtbegin.o
 .text          0x00000000080001d4       0x30 c:/st/stm32cubeide_1.8.0/stm32cubeide/plugins/com.st.stm32cube.ide.mcu.externaltools.gnu-tools-for-stm32.9-2020-q2-update.win32_2.0.0.202105311346/tools/bin/../lib/gcc/arm-none-eabi/9.3.1/thumb/v7e-m+fp/hard\libgcc.a(_aeabi_uldivmod.o)
                0x00000000080001d4                __aeabi_uldivmod
 .text          0x0000000008000204      0x2c4 c:/st/stm32cubeide_1.8.0/stm32cubeide/plugins/com.st.stm32cube.ide.mcu.externaltools.gnu-tools-for-stm32.9-2020-q2-update.win32_2.0.0.202105311346/tools/bin/../lib/gcc/arm-none-eabi/9.3.1/thumb/v7e-m+fp/hard\libgcc.a(_udivmoddi4.o)
                0x0000000008000204                __udivmoddi4
 .text          0x00000000080004c8        0x4 c:/st/stm32cubeide_1.8.0/stm32cubeide/plugins/com.st.stm32cube.ide.mcu.externaltools.gnu-tools-for-stm32.9-2020-q2-update.win32_2.0.0.202105311346/tools/bin/../lib/gcc/arm-none-eabi/9.3.1/thumb/v7e-m+fp/hard\libgcc.a(_dvmd_tls.o)
                0x00000000080004c8                __aeabi_idiv0
                0x00000000080004c8                __aeabi_ldiv0
 *(.text*)
 .text.MX_GPIO_Init
                0x00000000080004cc       0xec ./Core/Src/gpio.o
                0x00000000080004cc                MX_GPIO_Init
 .text.ProcessJoystick
                0x00000000080005b8      0x140 ./Core/Src/joystick.o
                0x00000000080005b8                ProcessJoystick
 .text.main     0x00000000080006f8       0x40 ./Core/Src/main.o
                0x00000000080006f8                main
 .text.SystemClock_Config
                0x0000000008000738       0xd4 ./Core/Src/main.o
                0x0000000008000738                SystemClock_Config
 .text.HAL_TIM_PeriodElapsedCallback
                0x000000000800080c       0x44 ./Core/Src/main.o
                0x000000000800080c                HAL_TIM_PeriodElapsedCallback
 .text.Error_Handler
                0x0000000008000850        0xa ./Core/Src/main.o
                0x0000000008000850                Error_Handler
 *fill*         0x000000000800085a        0x2 
 .text.processMouseMovement
                0x000000000800085c      0x190 ./Core/Src/mouse.o
                0x000000000800085c                processMouseMovement
 .text.ProcessMouse
                0x00000000080009ec      0x1f4 ./Core/Src/mouse.o
                0x00000000080009ec                ProcessMouse
 .text.ProcessX_IRQ
                0x0000000008000be0      0x114 ./Core/Src/mouse.o
                0x0000000008000be0                ProcessX_IRQ
 .text.ProcessY_IRQ
                0x0000000008000cf4      0x114 ./Core/Src/mouse.o
                0x0000000008000cf4                ProcessY_IRQ
 .text.HAL_MspInit
                0x0000000008000e08       0x5c ./Core/Src/stm32f4xx_hal_msp.o
                0x0000000008000e08                HAL_MspInit
 .text.HAL_InitTick
                0x0000000008000e64       0xb0 ./Core/Src/stm32f4xx_hal_timebase_tim.o
                0x0000000008000e64                HAL_InitTick
 .text.NMI_Handler
                0x0000000008000f14        0x6 ./Core/Src/stm32f4xx_it.o
                0x0000000008000f14                NMI_Handler
 .text.HardFault_Handler
                0x0000000008000f1a        0x6 ./Core/Src/stm32f4xx_it.o
                0x0000000008000f1a                HardFault_Handler
 .text.MemManage_Handler
                0x0000000008000f20        0x6 ./Core/Src/stm32f4xx_it.o
                0x0000000008000f20                MemManage_Handler
 .text.BusFault_Handler
                0x0000000008000f26        0x6 ./Core/Src/stm32f4xx_it.o
                0x0000000008000f26                BusFault_Handler
 .text.UsageFault_Handler
                0x0000000008000f2c        0x6 ./Core/Src/stm32f4xx_it.o
                0x0000000008000f2c                UsageFault_Handler
 .text.SVC_Handler
                0x0000000008000f32        0xe ./Core/Src/stm32f4xx_it.o
                0x0000000008000f32                SVC_Handler
 .text.DebugMon_Handler
                0x0000000008000f40        0xe ./Core/Src/stm32f4xx_it.o
                0x0000000008000f40                DebugMon_Handler
 .text.PendSV_Handler
                0x0000000008000f4e        0xe ./Core/Src/stm32f4xx_it.o
                0x0000000008000f4e                PendSV_Handler
 .text.SysTick_Handler
                0x0000000008000f5c        0xe ./Core/Src/stm32f4xx_it.o
                0x0000000008000f5c                SysTick_Handler
 .text.RCC_IRQHandler
                0x0000000008000f6a        0xe ./Core/Src/stm32f4xx_it.o
                0x0000000008000f6a                RCC_IRQHandler
 .text.TIM1_UP_TIM10_IRQHandler
                0x0000000008000f78       0x14 ./Core/Src/stm32f4xx_it.o
                0x0000000008000f78                TIM1_UP_TIM10_IRQHandler
 .text.TIM2_IRQHandler
                0x0000000008000f8c       0x14 ./Core/Src/stm32f4xx_it.o
                0x0000000008000f8c                TIM2_IRQHandler
 .text.TIM3_IRQHandler
                0x0000000008000fa0       0x14 ./Core/Src/stm32f4xx_it.o
                0x0000000008000fa0                TIM3_IRQHandler
 .text.OTG_FS_IRQHandler
                0x0000000008000fb4       0x14 ./Core/Src/stm32f4xx_it.o
                0x0000000008000fb4                OTG_FS_IRQHandler
 .text._sbrk    0x0000000008000fc8       0x6c ./Core/Src/sysmem.o
                0x0000000008000fc8                _sbrk
 .text.SystemInit
                0x0000000008001034       0x24 ./Core/Src/system_stm32f4xx.o
                0x0000000008001034                SystemInit
 .text.MX_TIM2_Init
                0x0000000008001058       0x9c ./Core/Src/tim.o
                0x0000000008001058                MX_TIM2_Init
 .text.MX_TIM3_Init
                0x00000000080010f4       0x9c ./Core/Src/tim.o
                0x00000000080010f4                MX_TIM3_Init
 .text.HAL_TIM_Base_MspInit
                0x0000000008001190       0x88 ./Core/Src/tim.o
                0x0000000008001190                HAL_TIM_Base_MspInit
 .text.Reset_Handler
                0x0000000008001218       0x50 ./Core/Startup/startup_stm32f401rbtx.o
                0x0000000008001218                Reset_Handler
 .text.Default_Handler
                0x0000000008001268        0x2 ./Core/Startup/startup_stm32f401rbtx.o
                0x0000000008001268                RTC_Alarm_IRQHandler
                0x0000000008001268                EXTI2_IRQHandler
                0x0000000008001268                SPI4_IRQHandler
                0x0000000008001268                TIM1_CC_IRQHandler
                0x0000000008001268                DMA2_Stream5_IRQHandler
                0x0000000008001268                DMA1_Stream5_IRQHandler
                0x0000000008001268                PVD_IRQHandler
                0x0000000008001268                SDIO_IRQHandler
                0x0000000008001268                TAMP_STAMP_IRQHandler
                0x0000000008001268                EXTI3_IRQHandler
                0x0000000008001268                I2C3_ER_IRQHandler
                0x0000000008001268                EXTI0_IRQHandler
                0x0000000008001268                I2C2_EV_IRQHandler
                0x0000000008001268                DMA1_Stream2_IRQHandler
                0x0000000008001268                FPU_IRQHandler
                0x0000000008001268                DMA2_Stream2_IRQHandler
                0x0000000008001268                SPI1_IRQHandler
                0x0000000008001268                TIM1_BRK_TIM9_IRQHandler
                0x0000000008001268                DMA2_Stream3_IRQHandler
                0x0000000008001268                USART6_IRQHandler
                0x0000000008001268                DMA2_Stream0_IRQHandler
                0x0000000008001268                TIM4_IRQHandler
                0x0000000008001268                I2C1_EV_IRQHandler
                0x0000000008001268                DMA1_Stream6_IRQHandler
                0x0000000008001268                DMA1_Stream1_IRQHandler
                0x0000000008001268                Default_Handler
                0x0000000008001268                EXTI15_10_IRQHandler
                0x0000000008001268                ADC_IRQHandler
                0x0000000008001268                DMA1_Stream7_IRQHandler
                0x0000000008001268                TIM5_IRQHandler
                0x0000000008001268                DMA2_Stream7_IRQHandler
                0x0000000008001268                I2C3_EV_IRQHandler
                0x0000000008001268                EXTI9_5_IRQHandler
                0x0000000008001268                RTC_WKUP_IRQHandler
                0x0000000008001268                SPI2_IRQHandler
                0x0000000008001268                DMA1_Stream0_IRQHandler
                0x0000000008001268                EXTI4_IRQHandler
                0x0000000008001268                WWDG_IRQHandler
                0x0000000008001268                OTG_FS_WKUP_IRQHandler
                0x0000000008001268                TIM1_TRG_COM_TIM11_IRQHandler
                0x0000000008001268                EXTI1_IRQHandler
                0x0000000008001268                USART2_IRQHandler
                0x0000000008001268                I2C2_ER_IRQHandler
                0x0000000008001268                DMA2_Stream1_IRQHandler
                0x0000000008001268                FLASH_IRQHandler
                0x0000000008001268                DMA2_Stream4_IRQHandler
                0x0000000008001268                USART1_IRQHandler
                0x0000000008001268                SPI3_IRQHandler
                0x0000000008001268                DMA1_Stream4_IRQHandler
                0x0000000008001268                I2C1_ER_IRQHandler
                0x0000000008001268                DMA2_Stream6_IRQHandler
                0x0000000008001268                DMA1_Stream3_IRQHandler
 *fill*         0x000000000800126a        0x2 
 .text.HAL_Init
                0x000000000800126c       0x44 ./Drivers/STM32F4xx_HAL_Driver/Src/stm32f4xx_hal.o
                0x000000000800126c                HAL_Init
 .text.HAL_IncTick
                0x00000000080012b0       0x28 ./Drivers/STM32F4xx_HAL_Driver/Src/stm32f4xx_hal.o
                0x00000000080012b0                HAL_IncTick
 .text.HAL_GetTick
                0x00000000080012d8       0x18 ./Drivers/STM32F4xx_HAL_Driver/Src/stm32f4xx_hal.o
                0x00000000080012d8                HAL_GetTick
 .text.HAL_Delay
                0x00000000080012f0       0x48 ./Drivers/STM32F4xx_HAL_Driver/Src/stm32f4xx_hal.o
                0x00000000080012f0                HAL_Delay
 .text.__NVIC_SetPriorityGrouping
                0x0000000008001338       0x48 ./Drivers/STM32F4xx_HAL_Driver/Src/stm32f4xx_hal_cortex.o
 .text.__NVIC_GetPriorityGrouping
                0x0000000008001380       0x1c ./Drivers/STM32F4xx_HAL_Driver/Src/stm32f4xx_hal_cortex.o
 .text.__NVIC_EnableIRQ
                0x000000000800139c       0x3c ./Drivers/STM32F4xx_HAL_Driver/Src/stm32f4xx_hal_cortex.o
 .text.__NVIC_SetPriority
                0x00000000080013d8       0x54 ./Drivers/STM32F4xx_HAL_Driver/Src/stm32f4xx_hal_cortex.o
 .text.NVIC_EncodePriority
                0x000000000800142c       0x66 ./Drivers/STM32F4xx_HAL_Driver/Src/stm32f4xx_hal_cortex.o
 .text.HAL_NVIC_SetPriorityGrouping
                0x0000000008001492       0x16 ./Drivers/STM32F4xx_HAL_Driver/Src/stm32f4xx_hal_cortex.o
                0x0000000008001492                HAL_NVIC_SetPriorityGrouping
 .text.HAL_NVIC_SetPriority
                0x00000000080014a8       0x38 ./Drivers/STM32F4xx_HAL_Driver/Src/stm32f4xx_hal_cortex.o
                0x00000000080014a8                HAL_NVIC_SetPriority
 .text.HAL_NVIC_EnableIRQ
                0x00000000080014e0       0x1c ./Drivers/STM32F4xx_HAL_Driver/Src/stm32f4xx_hal_cortex.o
                0x00000000080014e0                HAL_NVIC_EnableIRQ
 .text.HAL_GPIO_Init
                0x00000000080014fc      0x308 ./Drivers/STM32F4xx_HAL_Driver/Src/stm32f4xx_hal_gpio.o
                0x00000000080014fc                HAL_GPIO_Init
 .text.HAL_GPIO_WritePin
                0x0000000008001804       0x32 ./Drivers/STM32F4xx_HAL_Driver/Src/stm32f4xx_hal_gpio.o
                0x0000000008001804                HAL_GPIO_WritePin
 .text.HAL_HCD_Init
                0x0000000008001836       0xc4 ./Drivers/STM32F4xx_HAL_Driver/Src/stm32f4xx_hal_hcd.o
                0x0000000008001836                HAL_HCD_Init
 .text.HAL_HCD_HC_Init
                0x00000000080018fa      0x11e ./Drivers/STM32F4xx_HAL_Driver/Src/stm32f4xx_hal_hcd.o
                0x00000000080018fa                HAL_HCD_HC_Init
 .text.HAL_HCD_HC_Halt
                0x0000000008001a18       0x46 ./Drivers/STM32F4xx_HAL_Driver/Src/stm32f4xx_hal_hcd.o
                0x0000000008001a18                HAL_HCD_HC_Halt
 *fill*         0x0000000008001a5e        0x2 
 .text.HAL_HCD_HC_SubmitRequest
                0x0000000008001a60      0x2ac ./Drivers/STM32F4xx_HAL_Driver/Src/stm32f4xx_hal_hcd.o
                0x0000000008001a60                HAL_HCD_HC_SubmitRequest
 .text.HAL_HCD_IRQHandler
                0x0000000008001d0c      0x216 ./Drivers/STM32F4xx_HAL_Driver/Src/stm32f4xx_hal_hcd.o
                0x0000000008001d0c                HAL_HCD_IRQHandler
 .text.HAL_HCD_Start
                0x0000000008001f22       0x46 ./Drivers/STM32F4xx_HAL_Driver/Src/stm32f4xx_hal_hcd.o
                0x0000000008001f22                HAL_HCD_Start
 .text.HAL_HCD_Stop
                0x0000000008001f68       0x3a ./Drivers/STM32F4xx_HAL_Driver/Src/stm32f4xx_hal_hcd.o
                0x0000000008001f68                HAL_HCD_Stop
 .text.HAL_HCD_ResetPort
                0x0000000008001fa2       0x1c ./Drivers/STM32F4xx_HAL_Driver/Src/stm32f4xx_hal_hcd.o
                0x0000000008001fa2                HAL_HCD_ResetPort
 .text.HAL_HCD_HC_GetURBState
                0x0000000008001fbe       0x28 ./Drivers/STM32F4xx_HAL_Driver/Src/stm32f4xx_hal_hcd.o
                0x0000000008001fbe                HAL_HCD_HC_GetURBState
 .text.HAL_HCD_HC_GetXferCount
                0x0000000008001fe6       0x28 ./Drivers/STM32F4xx_HAL_Driver/Src/stm32f4xx_hal_hcd.o
                0x0000000008001fe6                HAL_HCD_HC_GetXferCount
 .text.HAL_HCD_GetCurrentFrame
                0x000000000800200e       0x1c ./Drivers/STM32F4xx_HAL_Driver/Src/stm32f4xx_hal_hcd.o
                0x000000000800200e                HAL_HCD_GetCurrentFrame
 .text.HAL_HCD_GetCurrentSpeed
                0x000000000800202a       0x1c ./Drivers/STM32F4xx_HAL_Driver/Src/stm32f4xx_hal_hcd.o
                0x000000000800202a                HAL_HCD_GetCurrentSpeed
 .text.HCD_HC_IN_IRQHandler
                0x0000000008002046      0x844 ./Drivers/STM32F4xx_HAL_Driver/Src/stm32f4xx_hal_hcd.o
 .text.HCD_HC_OUT_IRQHandler
                0x000000000800288a      0x802 ./Drivers/STM32F4xx_HAL_Driver/Src/stm32f4xx_hal_hcd.o
 .text.HCD_RXQLVL_IRQHandler
                0x000000000800308c      0x1a4 ./Drivers/STM32F4xx_HAL_Driver/Src/stm32f4xx_hal_hcd.o
 .text.HCD_Port_IRQHandler
                0x0000000008003230       0xe6 ./Drivers/STM32F4xx_HAL_Driver/Src/stm32f4xx_hal_hcd.o
 *fill*         0x0000000008003316        0x2 
 .text.HAL_RCC_OscConfig
                0x0000000008003318      0x4f4 ./Drivers/STM32F4xx_HAL_Driver/Src/stm32f4xx_hal_rcc.o
                0x0000000008003318                HAL_RCC_OscConfig
 .text.HAL_RCC_ClockConfig
                0x000000000800380c      0x1cc ./Drivers/STM32F4xx_HAL_Driver/Src/stm32f4xx_hal_rcc.o
                0x000000000800380c                HAL_RCC_ClockConfig
 .text.HAL_RCC_GetSysClockFreq
                0x00000000080039d8      0x1c4 ./Drivers/STM32F4xx_HAL_Driver/Src/stm32f4xx_hal_rcc.o
                0x00000000080039d8                HAL_RCC_GetSysClockFreq
 .text.HAL_RCC_GetHCLKFreq
                0x0000000008003b9c       0x18 ./Drivers/STM32F4xx_HAL_Driver/Src/stm32f4xx_hal_rcc.o
                0x0000000008003b9c                HAL_RCC_GetHCLKFreq
 .text.HAL_RCC_GetPCLK2Freq
                0x0000000008003bb4       0x28 ./Drivers/STM32F4xx_HAL_Driver/Src/stm32f4xx_hal_rcc.o
                0x0000000008003bb4                HAL_RCC_GetPCLK2Freq
 .text.HAL_RCC_GetClockConfig
                0x0000000008003bdc       0x64 ./Drivers/STM32F4xx_HAL_Driver/Src/stm32f4xx_hal_rcc.o
                0x0000000008003bdc                HAL_RCC_GetClockConfig
 .text.HAL_TIM_Base_Init
                0x0000000008003c40       0x9e ./Drivers/STM32F4xx_HAL_Driver/Src/stm32f4xx_hal_tim.o
                0x0000000008003c40                HAL_TIM_Base_Init
 *fill*         0x0000000008003cde        0x2 
 .text.HAL_TIM_Base_Start_IT
                0x0000000008003ce0       0xc4 ./Drivers/STM32F4xx_HAL_Driver/Src/stm32f4xx_hal_tim.o
                0x0000000008003ce0                HAL_TIM_Base_Start_IT
 .text.HAL_TIM_IRQHandler
                0x0000000008003da4      0x210 ./Drivers/STM32F4xx_HAL_Driver/Src/stm32f4xx_hal_tim.o
                0x0000000008003da4                HAL_TIM_IRQHandler
 .text.HAL_TIM_ConfigClockSource
                0x0000000008003fb4      0x18e ./Drivers/STM32F4xx_HAL_Driver/Src/stm32f4xx_hal_tim.o
                0x0000000008003fb4                HAL_TIM_ConfigClockSource
 .text.HAL_TIM_OC_DelayElapsedCallback
                0x0000000008004142       0x14 ./Drivers/STM32F4xx_HAL_Driver/Src/stm32f4xx_hal_tim.o
                0x0000000008004142                HAL_TIM_OC_DelayElapsedCallback
 .text.HAL_TIM_IC_CaptureCallback
                0x0000000008004156       0x14 ./Drivers/STM32F4xx_HAL_Driver/Src/stm32f4xx_hal_tim.o
                0x0000000008004156                HAL_TIM_IC_CaptureCallback
 .text.HAL_TIM_PWM_PulseFinishedCallback
                0x000000000800416a       0x14 ./Drivers/STM32F4xx_HAL_Driver/Src/stm32f4xx_hal_tim.o
                0x000000000800416a                HAL_TIM_PWM_PulseFinishedCallback
 .text.HAL_TIM_TriggerCallback
                0x000000000800417e       0x14 ./Drivers/STM32F4xx_HAL_Driver/Src/stm32f4xx_hal_tim.o
                0x000000000800417e                HAL_TIM_TriggerCallback
 *fill*         0x0000000008004192        0x2 
 .text.TIM_Base_SetConfig
                0x0000000008004194      0x100 ./Drivers/STM32F4xx_HAL_Driver/Src/stm32f4xx_hal_tim.o
                0x0000000008004194                TIM_Base_SetConfig
 .text.TIM_TI1_ConfigInputStage
                0x0000000008004294       0x5e ./Drivers/STM32F4xx_HAL_Driver/Src/stm32f4xx_hal_tim.o
 .text.TIM_TI2_ConfigInputStage
                0x00000000080042f2       0x60 ./Drivers/STM32F4xx_HAL_Driver/Src/stm32f4xx_hal_tim.o
 .text.TIM_ITRx_SetConfig
                0x0000000008004352       0x36 ./Drivers/STM32F4xx_HAL_Driver/Src/stm32f4xx_hal_tim.o
 .text.TIM_ETR_SetConfig
                0x0000000008004388       0x40 ./Drivers/STM32F4xx_HAL_Driver/Src/stm32f4xx_hal_tim.o
                0x0000000008004388                TIM_ETR_SetConfig
 .text.HAL_TIMEx_MasterConfigSynchronization
                0x00000000080043c8       0xdc ./Drivers/STM32F4xx_HAL_Driver/Src/stm32f4xx_hal_tim_ex.o
                0x00000000080043c8                HAL_TIMEx_MasterConfigSynchronization
 .text.HAL_TIMEx_CommutCallback
                0x00000000080044a4       0x14 ./Drivers/STM32F4xx_HAL_Driver/Src/stm32f4xx_hal_tim_ex.o
                0x00000000080044a4                HAL_TIMEx_CommutCallback
 .text.HAL_TIMEx_BreakCallback
                0x00000000080044b8       0x14 ./Drivers/STM32F4xx_HAL_Driver/Src/stm32f4xx_hal_tim_ex.o
                0x00000000080044b8                HAL_TIMEx_BreakCallback
 .text.USB_CoreInit
                0x00000000080044cc       0xc2 ./Drivers/STM32F4xx_HAL_Driver/Src/stm32f4xx_ll_usb.o
                0x00000000080044cc                USB_CoreInit
 .text.USB_EnableGlobalInt
                0x000000000800458e       0x22 ./Drivers/STM32F4xx_HAL_Driver/Src/stm32f4xx_ll_usb.o
                0x000000000800458e                USB_EnableGlobalInt
 .text.USB_DisableGlobalInt
                0x00000000080045b0       0x22 ./Drivers/STM32F4xx_HAL_Driver/Src/stm32f4xx_ll_usb.o
                0x00000000080045b0                USB_DisableGlobalInt
 .text.USB_SetCurrentMode
                0x00000000080045d2       0x98 ./Drivers/STM32F4xx_HAL_Driver/Src/stm32f4xx_ll_usb.o
                0x00000000080045d2                USB_SetCurrentMode
 *fill*         0x000000000800466a        0x2 
 .text.USB_FlushTxFifo
                0x000000000800466c       0x48 ./Drivers/STM32F4xx_HAL_Driver/Src/stm32f4xx_ll_usb.o
                0x000000000800466c                USB_FlushTxFifo
 .text.USB_FlushRxFifo
                0x00000000080046b4       0x40 ./Drivers/STM32F4xx_HAL_Driver/Src/stm32f4xx_ll_usb.o
                0x00000000080046b4                USB_FlushRxFifo
 .text.USB_WritePacket
                0x00000000080046f4       0x7c ./Drivers/STM32F4xx_HAL_Driver/Src/stm32f4xx_ll_usb.o
                0x00000000080046f4                USB_WritePacket
 .text.USB_ReadPacket
                0x0000000008004770       0xb0 ./Drivers/STM32F4xx_HAL_Driver/Src/stm32f4xx_ll_usb.o
                0x0000000008004770                USB_ReadPacket
 .text.USB_ReadInterrupts
                0x0000000008004820       0x26 ./Drivers/STM32F4xx_HAL_Driver/Src/stm32f4xx_ll_usb.o
                0x0000000008004820                USB_ReadInterrupts
 .text.USB_GetMode
                0x0000000008004846       0x1c ./Drivers/STM32F4xx_HAL_Driver/Src/stm32f4xx_ll_usb.o
                0x0000000008004846                USB_GetMode
 *fill*         0x0000000008004862        0x2 
 .text.USB_CoreReset
                0x0000000008004864       0x64 ./Drivers/STM32F4xx_HAL_Driver/Src/stm32f4xx_ll_usb.o
 .text.USB_HostInit
                0x00000000080048c8      0x168 ./Drivers/STM32F4xx_HAL_Driver/Src/stm32f4xx_ll_usb.o
                0x00000000080048c8                USB_HostInit
 .text.USB_InitFSLSPClkSel
                0x0000000008004a30       0x74 ./Drivers/STM32F4xx_HAL_Driver/Src/stm32f4xx_ll_usb.o
                0x0000000008004a30                USB_InitFSLSPClkSel
 .text.USB_ResetPort
                0x0000000008004aa4       0x54 ./Drivers/STM32F4xx_HAL_Driver/Src/stm32f4xx_ll_usb.o
                0x0000000008004aa4                USB_ResetPort
 .text.USB_DriveVbus
                0x0000000008004af8       0x72 ./Drivers/STM32F4xx_HAL_Driver/Src/stm32f4xx_ll_usb.o
                0x0000000008004af8                USB_DriveVbus
 .text.USB_GetHostSpeed
                0x0000000008004b6a       0x2e ./Drivers/STM32F4xx_HAL_Driver/Src/stm32f4xx_ll_usb.o
                0x0000000008004b6a                USB_GetHostSpeed
 .text.USB_GetCurrentFrame
                0x0000000008004b98       0x22 ./Drivers/STM32F4xx_HAL_Driver/Src/stm32f4xx_ll_usb.o
                0x0000000008004b98                USB_GetCurrentFrame
 *fill*         0x0000000008004bba        0x2 
 .text.USB_HC_Init
                0x0000000008004bbc      0x21c ./Drivers/STM32F4xx_HAL_Driver/Src/stm32f4xx_ll_usb.o
                0x0000000008004bbc                USB_HC_Init
 .text.USB_HC_StartXfer
                0x0000000008004dd8      0x284 ./Drivers/STM32F4xx_HAL_Driver/Src/stm32f4xx_ll_usb.o
                0x0000000008004dd8                USB_HC_StartXfer
 .text.USB_HC_ReadInterrupt
                0x000000000800505c       0x22 ./Drivers/STM32F4xx_HAL_Driver/Src/stm32f4xx_ll_usb.o
                0x000000000800505c                USB_HC_ReadInterrupt
 .text.USB_HC_Halt
                0x000000000800507e      0x238 ./Drivers/STM32F4xx_HAL_Driver/Src/stm32f4xx_ll_usb.o
                0x000000000800507e                USB_HC_Halt
 *fill*         0x00000000080052b6        0x2 
 .text.USB_DoPing
                0x00000000080052b8       0x78 ./Drivers/STM32F4xx_HAL_Driver/Src/stm32f4xx_ll_usb.o
                0x00000000080052b8                USB_DoPing
 .text.USB_StopHost
                0x0000000008005330      0x10c ./Drivers/STM32F4xx_HAL_Driver/Src/stm32f4xx_ll_usb.o
                0x0000000008005330                USB_StopHost
 .text.USBH_HID_InterfaceInit
                0x000000000800543c      0x564 ./Middlewares/ST/STM32_USB_Host_Library/Class/HID/Src/usbh_hid.o
 .text.USBH_HID_InterfaceDeInit
                0x00000000080059a0       0xe8 ./Middlewares/ST/STM32_USB_Host_Library/Class/HID/Src/usbh_hid.o
 .text.USBH_HID_NextInterface
                0x0000000008005a88       0x3e ./Middlewares/ST/STM32_USB_Host_Library/Class/HID/Src/usbh_hid.o
                0x0000000008005a88                USBH_HID_NextInterface
 .text.USBH_HID_ClassRequest
                0x0000000008005ac6       0x16 ./Middlewares/ST/STM32_USB_Host_Library/Class/HID/Src/usbh_hid.o
 .text.USBH_HID_Process
                0x0000000008005adc      0x148 ./Middlewares/ST/STM32_USB_Host_Library/Class/HID/Src/usbh_hid.o
 .text.USBH_HID_SOFProcess
                0x0000000008005c24       0x4e ./Middlewares/ST/STM32_USB_Host_Library/Class/HID/Src/usbh_hid.o
 .text.USBH_HID_GetHIDReportDescriptor
                0x0000000008005c72       0x3a ./Middlewares/ST/STM32_USB_Host_Library/Class/HID/Src/usbh_hid.o
                0x0000000008005c72                USBH_HID_GetHIDReportDescriptor
 .text.USBH_HID_GetHIDDescriptor
                0x0000000008005cac       0x3a ./Middlewares/ST/STM32_USB_Host_Library/Class/HID/Src/usbh_hid.o
                0x0000000008005cac                USBH_HID_GetHIDDescriptor
 .text.USBH_HID_SetIdle
                0x0000000008005ce6       0x5c ./Middlewares/ST/STM32_USB_Host_Library/Class/HID/Src/usbh_hid.o
                0x0000000008005ce6                USBH_HID_SetIdle
 .text.USBH_HID_SetProtocol
                0x0000000008005d42       0x44 ./Middlewares/ST/STM32_USB_Host_Library/Class/HID/Src/usbh_hid.o
                0x0000000008005d42                USBH_HID_SetProtocol
 .text.USBH_HID_ParseHIDDesc
                0x0000000008005d86       0x76 ./Middlewares/ST/STM32_USB_Host_Library/Class/HID/Src/usbh_hid.o
 .text.USBH_HID_GetDeviceType
                0x0000000008005dfc       0x54 ./Middlewares/ST/STM32_USB_Host_Library/Class/HID/Src/usbh_hid.o
                0x0000000008005dfc                USBH_HID_GetDeviceType
 .text.USBH_HID_FifoInit
                0x0000000008005e50       0x38 ./Middlewares/ST/STM32_USB_Host_Library/Class/HID/Src/usbh_hid.o
                0x0000000008005e50                USBH_HID_FifoInit
 .text.USBH_HID_FifoRead
                0x0000000008005e88       0x92 ./Middlewares/ST/STM32_USB_Host_Library/Class/HID/Src/usbh_hid.o
                0x0000000008005e88                USBH_HID_FifoRead
 .text.USBH_HID_FifoWrite
                0x0000000008005f1a       0xa8 ./Middlewares/ST/STM32_USB_Host_Library/Class/HID/Src/usbh_hid.o
                0x0000000008005f1a                USBH_HID_FifoWrite
 .text.USBH_HID_EventCallback
                0x0000000008005fc2       0x14 ./Middlewares/ST/STM32_USB_Host_Library/Class/HID/Src/usbh_hid.o
                0x0000000008005fc2                USBH_HID_EventCallback
 .text.collect_bits
                0x0000000008005fd6      0x128 ./Middlewares/ST/STM32_USB_Host_Library/Class/HID/Src/usbh_hid_gamepad.o
 *fill*         0x00000000080060fe        0x2 
 .text.USBH_HID_GamepadInit
                0x0000000008006100       0x78 ./Middlewares/ST/STM32_USB_Host_Library/Class/HID/Src/usbh_hid_gamepad.o
                0x0000000008006100                USBH_HID_GamepadInit
 .text.USBH_HID_GetGamepadInfo
                0x0000000008006178       0x28 ./Middlewares/ST/STM32_USB_Host_Library/Class/HID/Src/usbh_hid_gamepad.o
                0x0000000008006178                USBH_HID_GetGamepadInfo
 .text.USBH_HID_GamepadDecode
                0x00000000080061a0      0x51c ./Middlewares/ST/STM32_USB_Host_Library/Class/HID/Src/usbh_hid_gamepad.o
 .text.USBH_HID_KeybdInit
                0x00000000080066bc       0xb8 ./Middlewares/ST/STM32_USB_Host_Library/Class/HID/Src/usbh_hid_keybd.o
                0x00000000080066bc                USBH_HID_KeybdInit
 .text.collect_bits
                0x0000000008006774      0x128 ./Middlewares/ST/STM32_USB_Host_Library/Class/HID/Src/usbh_hid_mouse.o
 .text.USBH_HID_MouseInit
                0x000000000800689c       0xc0 ./Middlewares/ST/STM32_USB_Host_Library/Class/HID/Src/usbh_hid_mouse.o
                0x000000000800689c                USBH_HID_MouseInit
 .text.USBH_HID_GetMouseInfo
                0x000000000800695c       0x28 ./Middlewares/ST/STM32_USB_Host_Library/Class/HID/Src/usbh_hid_mouse.o
                0x000000000800695c                USBH_HID_GetMouseInfo
 .text.USBH_HID_MouseDecode
                0x0000000008006984      0x234 ./Middlewares/ST/STM32_USB_Host_Library/Class/HID/Src/usbh_hid_mouse.o
 .text.report_is_usable
                0x0000000008006bb8       0x6c ./Middlewares/ST/STM32_USB_Host_Library/Class/HID/Src/usbh_hid_reportparser.o
                0x0000000008006bb8                report_is_usable
 .text.parse_report_descriptor
                0x0000000008006c24      0x620 ./Middlewares/ST/STM32_USB_Host_Library/Class/HID/Src/usbh_hid_reportparser.o
                0x0000000008006c24                parse_report_descriptor
 .text.USBH_Init
                0x0000000008007244       0x74 ./Middlewares/ST/STM32_USB_Host_Library/Core/Src/usbh_core.o
                0x0000000008007244                USBH_Init
 .text.DeInitStateMachine
                0x00000000080072b8       0xa8 ./Middlewares/ST/STM32_USB_Host_Library/Core/Src/usbh_core.o
 .text.USBH_RegisterClass
                0x0000000008007360       0x54 ./Middlewares/ST/STM32_USB_Host_Library/Core/Src/usbh_core.o
                0x0000000008007360                USBH_RegisterClass
 .text.USBH_SelectInterface
                0x00000000080073b4       0x38 ./Middlewares/ST/STM32_USB_Host_Library/Core/Src/usbh_core.o
                0x00000000080073b4                USBH_SelectInterface
 .text.USBH_Start
                0x00000000080073ec       0x20 ./Middlewares/ST/STM32_USB_Host_Library/Core/Src/usbh_core.o
                0x00000000080073ec                USBH_Start
 .text.USBH_Process
                0x000000000800740c      0x3cc ./Middlewares/ST/STM32_USB_Host_Library/Core/Src/usbh_core.o
                0x000000000800740c                USBH_Process
 .text.USBH_HandleEnum
                0x00000000080077d8      0x3c8 ./Middlewares/ST/STM32_USB_Host_Library/Core/Src/usbh_core.o
 .text.USBH_LL_SetTimer
                0x0000000008007ba0       0x1e ./Middlewares/ST/STM32_USB_Host_Library/Core/Src/usbh_core.o
                0x0000000008007ba0                USBH_LL_SetTimer
 .text.USBH_LL_IncTimer
                0x0000000008007bbe       0x24 ./Middlewares/ST/STM32_USB_Host_Library/Core/Src/usbh_core.o
                0x0000000008007bbe                USBH_LL_IncTimer
 .text.USBH_HandleSof
                0x0000000008007be2       0x30 ./Middlewares/ST/STM32_USB_Host_Library/Core/Src/usbh_core.o
 .text.USBH_LL_PortEnabled
                0x0000000008007c12       0x1c ./Middlewares/ST/STM32_USB_Host_Library/Core/Src/usbh_core.o
                0x0000000008007c12                USBH_LL_PortEnabled
 .text.USBH_LL_PortDisabled
                0x0000000008007c2e       0x1c ./Middlewares/ST/STM32_USB_Host_Library/Core/Src/usbh_core.o
                0x0000000008007c2e                USBH_LL_PortDisabled
 .text.USBH_LL_Connect
                0x0000000008007c4a       0x2e ./Middlewares/ST/STM32_USB_Host_Library/Core/Src/usbh_core.o
                0x0000000008007c4a                USBH_LL_Connect
 .text.USBH_LL_Disconnect
                0x0000000008007c78       0x48 ./Middlewares/ST/STM32_USB_Host_Library/Core/Src/usbh_core.o
                0x0000000008007c78                USBH_LL_Disconnect
 .text.USBH_Get_DevDesc
                0x0000000008007cc0       0x52 ./Middlewares/ST/STM32_USB_Host_Library/Core/Src/usbh_ctlreq.o
                0x0000000008007cc0                USBH_Get_DevDesc
 .text.USBH_Get_CfgDesc
                0x0000000008007d12       0x4c ./Middlewares/ST/STM32_USB_Host_Library/Core/Src/usbh_ctlreq.o
                0x0000000008007d12                USBH_Get_CfgDesc
 .text.USBH_Get_StringDesc
                0x0000000008007d5e       0x5a ./Middlewares/ST/STM32_USB_Host_Library/Core/Src/usbh_ctlreq.o
                0x0000000008007d5e                USBH_Get_StringDesc
 .text.USBH_GetDescriptor
                0x0000000008007db8       0x74 ./Middlewares/ST/STM32_USB_Host_Library/Core/Src/usbh_ctlreq.o
                0x0000000008007db8                USBH_GetDescriptor
 .text.USBH_SetAddress
                0x0000000008007e2c       0x48 ./Middlewares/ST/STM32_USB_Host_Library/Core/Src/usbh_ctlreq.o
                0x0000000008007e2c                USBH_SetAddress
 .text.USBH_SetCfg
                0x0000000008007e74       0x46 ./Middlewares/ST/STM32_USB_Host_Library/Core/Src/usbh_ctlreq.o
                0x0000000008007e74                USBH_SetCfg
 .text.USBH_SetFeature
                0x0000000008007eba       0x48 ./Middlewares/ST/STM32_USB_Host_Library/Core/Src/usbh_ctlreq.o
                0x0000000008007eba                USBH_SetFeature
 .text.USBH_ClrFeature
                0x0000000008007f02       0x48 ./Middlewares/ST/STM32_USB_Host_Library/Core/Src/usbh_ctlreq.o
                0x0000000008007f02                USBH_ClrFeature
 .text.USBH_ParseDevDesc
                0x0000000008007f4a       0xe0 ./Middlewares/ST/STM32_USB_Host_Library/Core/Src/usbh_ctlreq.o
 .text.USBH_ParseCfgDesc
                0x000000000800802a      0x144 ./Middlewares/ST/STM32_USB_Host_Library/Core/Src/usbh_ctlreq.o
 .text.USBH_ParseInterfaceDesc
                0x000000000800816e       0x5e ./Middlewares/ST/STM32_USB_Host_Library/Core/Src/usbh_ctlreq.o
 .text.USBH_ParseEPDesc
                0x00000000080081cc       0x5a ./Middlewares/ST/STM32_USB_Host_Library/Core/Src/usbh_ctlreq.o
 .text.USBH_ParseStringDesc
                0x0000000008008226       0x66 ./Middlewares/ST/STM32_USB_Host_Library/Core/Src/usbh_ctlreq.o
 .text.USBH_GetNextDesc
                0x000000000800828c       0x36 ./Middlewares/ST/STM32_USB_Host_Library/Core/Src/usbh_ctlreq.o
                0x000000000800828c                USBH_GetNextDesc
 .text.USBH_CtlReq
                0x00000000080082c2       0x7a ./Middlewares/ST/STM32_USB_Host_Library/Core/Src/usbh_ctlreq.o
                0x00000000080082c2                USBH_CtlReq
 .text.USBH_HandleControl
                0x000000000800833c      0x2e8 ./Middlewares/ST/STM32_USB_Host_Library/Core/Src/usbh_ctlreq.o
 .text.USBH_CtlSendSetup
                0x0000000008008624       0x34 ./Middlewares/ST/STM32_USB_Host_Library/Core/Src/usbh_ioreq.o
                0x0000000008008624                USBH_CtlSendSetup
 .text.USBH_CtlSendData
                0x0000000008008658       0x4a ./Middlewares/ST/STM32_USB_Host_Library/Core/Src/usbh_ioreq.o
                0x0000000008008658                USBH_CtlSendData
 .text.USBH_CtlReceiveData
                0x00000000080086a2       0x3c ./Middlewares/ST/STM32_USB_Host_Library/Core/Src/usbh_ioreq.o
                0x00000000080086a2                USBH_CtlReceiveData
 .text.USBH_InterruptReceiveData
                0x00000000080086de       0x3e ./Middlewares/ST/STM32_USB_Host_Library/Core/Src/usbh_ioreq.o
                0x00000000080086de                USBH_InterruptReceiveData
 .text.USBH_OpenPipe
                0x000000000800871c       0x3e ./Middlewares/ST/STM32_USB_Host_Library/Core/Src/usbh_pipes.o
                0x000000000800871c                USBH_OpenPipe
 .text.USBH_ClosePipe
                0x000000000800875a       0x20 ./Middlewares/ST/STM32_USB_Host_Library/Core/Src/usbh_pipes.o
                0x000000000800875a                USBH_ClosePipe
 .text.USBH_AllocPipe
                0x000000000800877a       0x42 ./Middlewares/ST/STM32_USB_Host_Library/Core/Src/usbh_pipes.o
                0x000000000800877a                USBH_AllocPipe
 .text.USBH_FreePipe
                0x00000000080087bc       0x3c ./Middlewares/ST/STM32_USB_Host_Library/Core/Src/usbh_pipes.o
                0x00000000080087bc                USBH_FreePipe
 .text.USBH_GetFreePipe
                0x00000000080087f8       0x48 ./Middlewares/ST/STM32_USB_Host_Library/Core/Src/usbh_pipes.o
 .text.MX_USB_HOST_Init
                0x0000000008008840       0x4c ./USB_HOST/App/usb_host.o
                0x0000000008008840                MX_USB_HOST_Init
 .text.MX_USB_HOST_Process
                0x000000000800888c       0x14 ./USB_HOST/App/usb_host.o
                0x000000000800888c                MX_USB_HOST_Process
 .text.USBH_UserProcess
                0x00000000080088a0       0x5c ./USB_HOST/App/usb_host.o
 .text.HAL_HCD_MspInit
                0x00000000080088fc       0xa8 ./USB_HOST/Target/usbh_conf.o
                0x00000000080088fc                HAL_HCD_MspInit
 .text.HAL_HCD_SOF_Callback
                0x00000000080089a4       0x1c ./USB_HOST/Target/usbh_conf.o
                0x00000000080089a4                HAL_HCD_SOF_Callback
 .text.HAL_HCD_Connect_Callback
                0x00000000080089c0       0x1c ./USB_HOST/Target/usbh_conf.o
                0x00000000080089c0                HAL_HCD_Connect_Callback
 .text.HAL_HCD_Disconnect_Callback
                0x00000000080089dc       0x1c ./USB_HOST/Target/usbh_conf.o
                0x00000000080089dc                HAL_HCD_Disconnect_Callback
 .text.HAL_HCD_HC_NotifyURBChange_Callback
                0x00000000080089f8       0x1c ./USB_HOST/Target/usbh_conf.o
                0x00000000080089f8                HAL_HCD_HC_NotifyURBChange_Callback
 .text.HAL_HCD_PortEnabled_Callback
                0x0000000008008a14       0x1c ./USB_HOST/Target/usbh_conf.o
                0x0000000008008a14                HAL_HCD_PortEnabled_Callback
 .text.HAL_HCD_PortDisabled_Callback
                0x0000000008008a30       0x1c ./USB_HOST/Target/usbh_conf.o
                0x0000000008008a30                HAL_HCD_PortDisabled_Callback
 .text.USBH_LL_Init
                0x0000000008008a4c       0x78 ./USB_HOST/Target/usbh_conf.o
                0x0000000008008a4c                USBH_LL_Init
 .text.USBH_LL_Start
                0x0000000008008ac4       0x36 ./USB_HOST/Target/usbh_conf.o
                0x0000000008008ac4                USBH_LL_Start
 .text.USBH_LL_Stop
                0x0000000008008afa       0x36 ./USB_HOST/Target/usbh_conf.o
                0x0000000008008afa                USBH_LL_Stop
 .text.USBH_LL_GetSpeed
                0x0000000008008b30       0x4e ./USB_HOST/Target/usbh_conf.o
                0x0000000008008b30                USBH_LL_GetSpeed
 .text.USBH_LL_ResetPort
                0x0000000008008b7e       0x36 ./USB_HOST/Target/usbh_conf.o
                0x0000000008008b7e                USBH_LL_ResetPort
 .text.USBH_LL_GetLastXferSize
                0x0000000008008bb4       0x26 ./USB_HOST/Target/usbh_conf.o
                0x0000000008008bb4                USBH_LL_GetLastXferSize
 .text.USBH_LL_OpenPipe
                0x0000000008008bda       0x5e ./USB_HOST/Target/usbh_conf.o
                0x0000000008008bda                USBH_LL_OpenPipe
 .text.USBH_LL_ClosePipe
                0x0000000008008c38       0x3e ./USB_HOST/Target/usbh_conf.o
                0x0000000008008c38                USBH_LL_ClosePipe
 .text.USBH_LL_SubmitURB
                0x0000000008008c76       0x62 ./USB_HOST/Target/usbh_conf.o
                0x0000000008008c76                USBH_LL_SubmitURB
 .text.USBH_LL_GetURBState
                0x0000000008008cd8       0x26 ./USB_HOST/Target/usbh_conf.o
                0x0000000008008cd8                USBH_LL_GetURBState
 .text.USBH_LL_DriverVBUS
                0x0000000008008cfe       0x1c ./USB_HOST/Target/usbh_conf.o
                0x0000000008008cfe                USBH_LL_DriverVBUS
 .text.USBH_LL_SetToggle
                0x0000000008008d1a       0x60 ./USB_HOST/Target/usbh_conf.o
                0x0000000008008d1a                USBH_LL_SetToggle
 .text.USBH_Delay
                0x0000000008008d7a       0x16 ./USB_HOST/Target/usbh_conf.o
                0x0000000008008d7a                USBH_Delay
 .text.USBH_Get_USB_Status
                0x0000000008008d90       0x58 ./USB_HOST/Target/usbh_conf.o
                0x0000000008008d90                USBH_Get_USB_Status
 .text.__errno  0x0000000008008de8        0xc c:/st/stm32cubeide_1.8.0/stm32cubeide/plugins/com.st.stm32cube.ide.mcu.externaltools.gnu-tools-for-stm32.9-2020-q2-update.win32_2.0.0.202105311346/tools/bin/../lib/gcc/arm-none-eabi/9.3.1/../../../../arm-none-eabi/lib/thumb/v7e-m+fp/hard\libc_nano.a(lib_a-errno.o)
                0x0000000008008de8                __errno
 .text.__libc_init_array
                0x0000000008008df4       0x48 c:/st/stm32cubeide_1.8.0/stm32cubeide/plugins/com.st.stm32cube.ide.mcu.externaltools.gnu-tools-for-stm32.9-2020-q2-update.win32_2.0.0.202105311346/tools/bin/../lib/gcc/arm-none-eabi/9.3.1/../../../../arm-none-eabi/lib/thumb/v7e-m+fp/hard\libc_nano.a(lib_a-init.o)
                0x0000000008008df4                __libc_init_array
 .text.malloc   0x0000000008008e3c       0x10 c:/st/stm32cubeide_1.8.0/stm32cubeide/plugins/com.st.stm32cube.ide.mcu.externaltools.gnu-tools-for-stm32.9-2020-q2-update.win32_2.0.0.202105311346/tools/bin/../lib/gcc/arm-none-eabi/9.3.1/../../../../arm-none-eabi/lib/thumb/v7e-m+fp/hard\libc_nano.a(lib_a-malloc.o)
                0x0000000008008e3c                malloc
 .text.free     0x0000000008008e4c       0x10 c:/st/stm32cubeide_1.8.0/stm32cubeide/plugins/com.st.stm32cube.ide.mcu.externaltools.gnu-tools-for-stm32.9-2020-q2-update.win32_2.0.0.202105311346/tools/bin/../lib/gcc/arm-none-eabi/9.3.1/../../../../arm-none-eabi/lib/thumb/v7e-m+fp/hard\libc_nano.a(lib_a-malloc.o)
                0x0000000008008e4c                free
 .text.memset   0x0000000008008e5c       0x10 c:/st/stm32cubeide_1.8.0/stm32cubeide/plugins/com.st.stm32cube.ide.mcu.externaltools.gnu-tools-for-stm32.9-2020-q2-update.win32_2.0.0.202105311346/tools/bin/../lib/gcc/arm-none-eabi/9.3.1/../../../../arm-none-eabi/lib/thumb/v7e-m+fp/hard\libc_nano.a(lib_a-memset.o)
                0x0000000008008e5c                memset
 .text._free_r  0x0000000008008e6c       0xa0 c:/st/stm32cubeide_1.8.0/stm32cubeide/plugins/com.st.stm32cube.ide.mcu.externaltools.gnu-tools-for-stm32.9-2020-q2-update.win32_2.0.0.202105311346/tools/bin/../lib/gcc/arm-none-eabi/9.3.1/../../../../arm-none-eabi/lib/thumb/v7e-m+fp/hard\libc_nano.a(lib_a-nano-freer.o)
                0x0000000008008e6c                _free_r
 .text._malloc_r
                0x0000000008008f0c       0xb4 c:/st/stm32cubeide_1.8.0/stm32cubeide/plugins/com.st.stm32cube.ide.mcu.externaltools.gnu-tools-for-stm32.9-2020-q2-update.win32_2.0.0.202105311346/tools/bin/../lib/gcc/arm-none-eabi/9.3.1/../../../../arm-none-eabi/lib/thumb/v7e-m+fp/hard\libc_nano.a(lib_a-nano-mallocr.o)
                0x0000000008008f0c                _malloc_r
 .text._sbrk_r  0x0000000008008fc0       0x20 c:/st/stm32cubeide_1.8.0/stm32cubeide/plugins/com.st.stm32cube.ide.mcu.externaltools.gnu-tools-for-stm32.9-2020-q2-update.win32_2.0.0.202105311346/tools/bin/../lib/gcc/arm-none-eabi/9.3.1/../../../../arm-none-eabi/lib/thumb/v7e-m+fp/hard\libc_nano.a(lib_a-sbrkr.o)
                0x0000000008008fc0                _sbrk_r
 .text.__malloc_lock
                0x0000000008008fe0        0xc c:/st/stm32cubeide_1.8.0/stm32cubeide/plugins/com.st.stm32cube.ide.mcu.externaltools.gnu-tools-for-stm32.9-2020-q2-update.win32_2.0.0.202105311346/tools/bin/../lib/gcc/arm-none-eabi/9.3.1/../../../../arm-none-eabi/lib/thumb/v7e-m+fp/hard\libc_nano.a(lib_a-mlock.o)
                0x0000000008008fe0                __malloc_lock
 .text.__malloc_unlock
                0x0000000008008fec        0xc c:/st/stm32cubeide_1.8.0/stm32cubeide/plugins/com.st.stm32cube.ide.mcu.externaltools.gnu-tools-for-stm32.9-2020-q2-update.win32_2.0.0.202105311346/tools/bin/../lib/gcc/arm-none-eabi/9.3.1/../../../../arm-none-eabi/lib/thumb/v7e-m+fp/hard\libc_nano.a(lib_a-mlock.o)
                0x0000000008008fec                __malloc_unlock
 .text.__retarget_lock_acquire_recursive
                0x0000000008008ff8        0x2 c:/st/stm32cubeide_1.8.0/stm32cubeide/plugins/com.st.stm32cube.ide.mcu.externaltools.gnu-tools-for-stm32.9-2020-q2-update.win32_2.0.0.202105311346/tools/bin/../lib/gcc/arm-none-eabi/9.3.1/../../../../arm-none-eabi/lib/thumb/v7e-m+fp/hard\libc_nano.a(lib_a-lock.o)
                0x0000000008008ff8                __retarget_lock_acquire_recursive
 .text.__retarget_lock_release_recursive
                0x0000000008008ffa        0x2 c:/st/stm32cubeide_1.8.0/stm32cubeide/plugins/com.st.stm32cube.ide.mcu.externaltools.gnu-tools-for-stm32.9-2020-q2-update.win32_2.0.0.202105311346/tools/bin/../lib/gcc/arm-none-eabi/9.3.1/../../../../arm-none-eabi/lib/thumb/v7e-m+fp/hard\libc_nano.a(lib_a-lock.o)
                0x0000000008008ffa                __retarget_lock_release_recursive
 *(.glue_7)
 .glue_7        0x0000000008008ffc        0x0 linker stubs
 *(.glue_7t)
 .glue_7t       0x0000000008008ffc        0x0 linker stubs
 *(.eh_frame)
 .eh_frame      0x0000000008008ffc        0x0 c:/st/stm32cubeide_1.8.0/stm32cubeide/plugins/com.st.stm32cube.ide.mcu.externaltools.gnu-tools-for-stm32.9-2020-q2-update.win32_2.0.0.202105311346/tools/bin/../lib/gcc/arm-none-eabi/9.3.1/thumb/v7e-m+fp/hard/crtbegin.o
 *(.init)
 .init          0x0000000008008ffc        0x4 c:/st/stm32cubeide_1.8.0/stm32cubeide/plugins/com.st.stm32cube.ide.mcu.externaltools.gnu-tools-for-stm32.9-2020-q2-update.win32_2.0.0.202105311346/tools/bin/../lib/gcc/arm-none-eabi/9.3.1/thumb/v7e-m+fp/hard/crti.o
                0x0000000008008ffc                _init
 .init          0x0000000008009000        0x8 c:/st/stm32cubeide_1.8.0/stm32cubeide/plugins/com.st.stm32cube.ide.mcu.externaltools.gnu-tools-for-stm32.9-2020-q2-update.win32_2.0.0.202105311346/tools/bin/../lib/gcc/arm-none-eabi/9.3.1/thumb/v7e-m+fp/hard/crtn.o
 *(.fini)
 .fini          0x0000000008009008        0x4 c:/st/stm32cubeide_1.8.0/stm32cubeide/plugins/com.st.stm32cube.ide.mcu.externaltools.gnu-tools-for-stm32.9-2020-q2-update.win32_2.0.0.202105311346/tools/bin/../lib/gcc/arm-none-eabi/9.3.1/thumb/v7e-m+fp/hard/crti.o
                0x0000000008009008                _fini
 .fini          0x000000000800900c        0x8 c:/st/stm32cubeide_1.8.0/stm32cubeide/plugins/com.st.stm32cube.ide.mcu.externaltools.gnu-tools-for-stm32.9-2020-q2-update.win32_2.0.0.202105311346/tools/bin/../lib/gcc/arm-none-eabi/9.3.1/thumb/v7e-m+fp/hard/crtn.o
                0x0000000008009014                . = ALIGN (0x4)
                0x0000000008009014                _etext = .

.vfp11_veneer   0x0000000008009014        0x0
 .vfp11_veneer  0x0000000008009014        0x0 linker stubs

.v4_bx          0x0000000008009014        0x0
 .v4_bx         0x0000000008009014        0x0 linker stubs

.iplt           0x0000000008009014        0x0
 .iplt          0x0000000008009014        0x0 c:/st/stm32cubeide_1.8.0/stm32cubeide/plugins/com.st.stm32cube.ide.mcu.externaltools.gnu-tools-for-stm32.9-2020-q2-update.win32_2.0.0.202105311346/tools/bin/../lib/gcc/arm-none-eabi/9.3.1/thumb/v7e-m+fp/hard/crtbegin.o

.rodata         0x0000000008009014       0x1c
                0x0000000008009014                . = ALIGN (0x4)
 *(.rodata)
 .rodata        0x0000000008009014        0x4 ./Middlewares/ST/STM32_USB_Host_Library/Class/HID/Src/usbh_hid.o
 *(.rodata*)
 .rodata.AHBPrescTable
                0x0000000008009018       0x10 ./Core/Src/system_stm32f4xx.o
                0x0000000008009018                AHBPrescTable
 .rodata.APBPrescTable
                0x0000000008009028        0x8 ./Core/Src/system_stm32f4xx.o
                0x0000000008009028                APBPrescTable
                0x0000000008009030                . = ALIGN (0x4)

.ARM.extab      0x0000000008009030        0x0
                0x0000000008009030                . = ALIGN (0x4)
 *(.ARM.extab* .gnu.linkonce.armextab.*)
                0x0000000008009030                . = ALIGN (0x4)

.ARM            0x0000000008009030        0x8
                0x0000000008009030                . = ALIGN (0x4)
                0x0000000008009030                __exidx_start = .
 *(.ARM.exidx*)
 .ARM.exidx     0x0000000008009030        0x8 c:/st/stm32cubeide_1.8.0/stm32cubeide/plugins/com.st.stm32cube.ide.mcu.externaltools.gnu-tools-for-stm32.9-2020-q2-update.win32_2.0.0.202105311346/tools/bin/../lib/gcc/arm-none-eabi/9.3.1/thumb/v7e-m+fp/hard\libgcc.a(_udivmoddi4.o)
                0x0000000008009038                __exidx_end = .
                0x0000000008009038                . = ALIGN (0x4)

.rel.dyn        0x0000000008009038        0x0
 .rel.iplt      0x0000000008009038        0x0 c:/st/stm32cubeide_1.8.0/stm32cubeide/plugins/com.st.stm32cube.ide.mcu.externaltools.gnu-tools-for-stm32.9-2020-q2-update.win32_2.0.0.202105311346/tools/bin/../lib/gcc/arm-none-eabi/9.3.1/thumb/v7e-m+fp/hard/crtbegin.o

.preinit_array  0x0000000008009038        0x0
                0x0000000008009038                . = ALIGN (0x4)
                0x0000000008009038                PROVIDE (__preinit_array_start = .)
 *(.preinit_array*)
                0x0000000008009038                PROVIDE (__preinit_array_end = .)
                0x0000000008009038                . = ALIGN (0x4)

.init_array     0x0000000008009038        0x4
                0x0000000008009038                . = ALIGN (0x4)
                0x0000000008009038                PROVIDE (__init_array_start = .)
 *(SORT_BY_NAME(.init_array.*))
 *(.init_array*)
 .init_array    0x0000000008009038        0x4 c:/st/stm32cubeide_1.8.0/stm32cubeide/plugins/com.st.stm32cube.ide.mcu.externaltools.gnu-tools-for-stm32.9-2020-q2-update.win32_2.0.0.202105311346/tools/bin/../lib/gcc/arm-none-eabi/9.3.1/thumb/v7e-m+fp/hard/crtbegin.o
                0x000000000800903c                PROVIDE (__init_array_end = .)
                0x000000000800903c                . = ALIGN (0x4)

.fini_array     0x000000000800903c        0x4
                0x000000000800903c                . = ALIGN (0x4)
                [!provide]                        PROVIDE (__fini_array_start = .)
 *(SORT_BY_NAME(.fini_array.*))
 *(.fini_array*)
 .fini_array    0x000000000800903c        0x4 c:/st/stm32cubeide_1.8.0/stm32cubeide/plugins/com.st.stm32cube.ide.mcu.externaltools.gnu-tools-for-stm32.9-2020-q2-update.win32_2.0.0.202105311346/tools/bin/../lib/gcc/arm-none-eabi/9.3.1/thumb/v7e-m+fp/hard/crtbegin.o
                [!provide]                        PROVIDE (__fini_array_end = .)
                0x0000000008009040                . = ALIGN (0x4)
                0x0000000008009040                _sidata = LOADADDR (.data)

.data           0x0000000020000000       0x9c load address 0x0000000008009040
                0x0000000020000000                . = ALIGN (0x4)
                0x0000000020000000                _sdata = .
 *(.data)
 *(.data*)
 .data.xTimerTop
                0x0000000020000000        0x1 ./Core/Src/mouse.o
                0x0000000020000000                xTimerTop
 .data.yTimerTop
                0x0000000020000001        0x1 ./Core/Src/mouse.o
                0x0000000020000001                yTimerTop
 *fill*         0x0000000020000002        0x2 
 .data.SystemCoreClock
                0x0000000020000004        0x4 ./Core/Src/system_stm32f4xx.o
                0x0000000020000004                SystemCoreClock
 .data.uwTickPrio
                0x0000000020000008        0x4 ./Drivers/STM32F4xx_HAL_Driver/Src/stm32f4xx_hal.o
                0x0000000020000008                uwTickPrio
 .data.uwTickFreq
                0x000000002000000c        0x1 ./Drivers/STM32F4xx_HAL_Driver/Src/stm32f4xx_hal.o
                0x000000002000000c                uwTickFreq
 *fill*         0x000000002000000d        0x3 
 .data.HID_Class
                0x0000000020000010       0x28 ./Middlewares/ST/STM32_USB_Host_Library/Class/HID/Src/usbh_hid.o
                0x0000000020000010                HID_Class
 .data._impure_ptr
                0x0000000020000038        0x4 c:/st/stm32cubeide_1.8.0/stm32cubeide/plugins/com.st.stm32cube.ide.mcu.externaltools.gnu-tools-for-stm32.9-2020-q2-update.win32_2.0.0.202105311346/tools/bin/../lib/gcc/arm-none-eabi/9.3.1/../../../../arm-none-eabi/lib/thumb/v7e-m+fp/hard\libc_nano.a(lib_a-impure.o)
                0x0000000020000038                _impure_ptr
 .data.impure_data
                0x000000002000003c       0x60 c:/st/stm32cubeide_1.8.0/stm32cubeide/plugins/com.st.stm32cube.ide.mcu.externaltools.gnu-tools-for-stm32.9-2020-q2-update.win32_2.0.0.202105311346/tools/bin/../lib/gcc/arm-none-eabi/9.3.1/../../../../arm-none-eabi/lib/thumb/v7e-m+fp/hard\libc_nano.a(lib_a-impure.o)
 *(.RamFunc)
 *(.RamFunc*)
                0x000000002000009c                . = ALIGN (0x4)
                0x000000002000009c                _edata = .

.igot.plt       0x000000002000009c        0x0 load address 0x00000000080090dc
 .igot.plt      0x000000002000009c        0x0 c:/st/stm32cubeide_1.8.0/stm32cubeide/plugins/com.st.stm32cube.ide.mcu.externaltools.gnu-tools-for-stm32.9-2020-q2-update.win32_2.0.0.202105311346/tools/bin/../lib/gcc/arm-none-eabi/9.3.1/thumb/v7e-m+fp/hard/crtbegin.o
                0x000000002000009c                . = ALIGN (0x4)

.bss            0x000000002000009c      0x84c load address 0x00000000080090dc
                0x000000002000009c                _sbss = .
                0x000000002000009c                __bss_start__ = _sbss
 *(.bss)
 .bss           0x000000002000009c       0x1c c:/st/stm32cubeide_1.8.0/stm32cubeide/plugins/com.st.stm32cube.ide.mcu.externaltools.gnu-tools-for-stm32.9-2020-q2-update.win32_2.0.0.202105311346/tools/bin/../lib/gcc/arm-none-eabi/9.3.1/thumb/v7e-m+fp/hard/crtbegin.o
 *(.bss*)
 .bss.mouseDirectionX
                0x00000000200000b8        0x1 ./Core/Src/mouse.o
                0x00000000200000b8                mouseDirectionX
 .bss.mouseEncoderPhaseX
                0x00000000200000b9        0x1 ./Core/Src/mouse.o
                0x00000000200000b9                mouseEncoderPhaseX
 .bss.mouseDirectionY
                0x00000000200000ba        0x1 ./Core/Src/mouse.o
                0x00000000200000ba                mouseDirectionY
 .bss.mouseEncoderPhaseY
                0x00000000200000bb        0x1 ./Core/Src/mouse.o
                0x00000000200000bb                mouseEncoderPhaseY
 .bss.mouseDistanceX
                0x00000000200000bc        0x2 ./Core/Src/mouse.o
                0x00000000200000bc                mouseDistanceX
 .bss.mouseDistanceY
                0x00000000200000be        0x2 ./Core/Src/mouse.o
                0x00000000200000be                mouseDistanceY
 .bss.__sbrk_heap_end
                0x00000000200000c0        0x4 ./Core/Src/sysmem.o
 .bss.gamepad_report_data
                0x00000000200000c4        0x4 ./Middlewares/ST/STM32_USB_Host_Library/Class/HID/Src/usbh_hid_gamepad.o
 .bss.Appli_state
                0x00000000200000c8        0x1 ./USB_HOST/App/usb_host.o
                0x00000000200000c8                Appli_state
 *fill*         0x00000000200000c9        0x3 
 .bss.__malloc_free_list
                0x00000000200000cc        0x4 c:/st/stm32cubeide_1.8.0/stm32cubeide/plugins/com.st.stm32cube.ide.mcu.externaltools.gnu-tools-for-stm32.9-2020-q2-update.win32_2.0.0.202105311346/tools/bin/../lib/gcc/arm-none-eabi/9.3.1/../../../../arm-none-eabi/lib/thumb/v7e-m+fp/hard\libc_nano.a(lib_a-nano-mallocr.o)
                0x00000000200000cc                __malloc_free_list
 .bss.__malloc_sbrk_start
                0x00000000200000d0        0x4 c:/st/stm32cubeide_1.8.0/stm32cubeide/plugins/com.st.stm32cube.ide.mcu.externaltools.gnu-tools-for-stm32.9-2020-q2-update.win32_2.0.0.202105311346/tools/bin/../lib/gcc/arm-none-eabi/9.3.1/../../../../arm-none-eabi/lib/thumb/v7e-m+fp/hard\libc_nano.a(lib_a-nano-mallocr.o)
                0x00000000200000d0                __malloc_sbrk_start
 *(COMMON)
 COMMON         0x00000000200000d4        0x4 ./Core/Src/joystick.o
                0x00000000200000d4                joymap
 COMMON         0x00000000200000d8        0x8 ./Core/Src/mouse.o
                0x00000000200000d8                aState
                0x00000000200000dc                mousemap
 COMMON         0x00000000200000e0       0x48 ./Core/Src/stm32f4xx_hal_timebase_tim.o
                0x00000000200000e0                htim10
 COMMON         0x0000000020000128       0x90 ./Core/Src/tim.o
                0x0000000020000128                htim3
                0x0000000020000170                htim2
 COMMON         0x00000000200001b8        0x4 ./Drivers/STM32F4xx_HAL_Driver/Src/stm32f4xx_hal.o
                0x00000000200001b8                uwTick
 COMMON         0x00000000200001bc        0x2 ./Middlewares/ST/STM32_USB_Host_Library/Class/HID/Src/usbh_hid_gamepad.o
                0x00000000200001bc                gamepad_info
 *fill*         0x00000000200001be        0x2 
 COMMON         0x00000000200001c0       0x1f ./Middlewares/ST/STM32_USB_Host_Library/Class/HID/Src/usbh_hid_keybd.o
                0x00000000200001c0                keybd_report_data
                0x00000000200001c8                keybd_rx_report_buf
                0x00000000200001d0                keybd_info
 *fill*         0x00000000200001df        0x1 
 COMMON         0x00000000200001e0       0x18 ./Middlewares/ST/STM32_USB_Host_Library/Class/HID/Src/usbh_hid_mouse.o
                0x00000000200001e0                mouse_info
                0x00000000200001e8                mouse_report_data
                0x00000000200001f0                mouse_rx_report_buf
 COMMON         0x00000000200001f8      0x3dc ./USB_HOST/App/usb_host.o
                0x00000000200001f8                hUsbHostFS
                0x00000000200005d0                mouse
 COMMON         0x00000000200005d4      0x304 ./USB_HOST/Target/usbh_conf.o
                0x00000000200005d4                hhcd_USB_OTG_FS
 COMMON         0x00000000200008d8        0x4 c:/st/stm32cubeide_1.8.0/stm32cubeide/plugins/com.st.stm32cube.ide.mcu.externaltools.gnu-tools-for-stm32.9-2020-q2-update.win32_2.0.0.202105311346/tools/bin/../lib/gcc/arm-none-eabi/9.3.1/../../../../arm-none-eabi/lib/thumb/v7e-m+fp/hard\libc_nano.a(lib_a-reent.o)
                0x00000000200008d8                errno
 COMMON         0x00000000200008dc        0x9 c:/st/stm32cubeide_1.8.0/stm32cubeide/plugins/com.st.stm32cube.ide.mcu.externaltools.gnu-tools-for-stm32.9-2020-q2-update.win32_2.0.0.202105311346/tools/bin/../lib/gcc/arm-none-eabi/9.3.1/../../../../arm-none-eabi/lib/thumb/v7e-m+fp/hard\libc_nano.a(lib_a-lock.o)
                0x00000000200008dc                __lock___atexit_recursive_mutex
                0x00000000200008dd                __lock___arc4random_mutex
                0x00000000200008de                __lock___env_recursive_mutex
                0x00000000200008df                __lock___sinit_recursive_mutex
                0x00000000200008e0                __lock___malloc_recursive_mutex
                0x00000000200008e1                __lock___at_quick_exit_mutex
                0x00000000200008e2                __lock___dd_hash_mutex
                0x00000000200008e3                __lock___tz_mutex
                0x00000000200008e4                __lock___sfp_recursive_mutex
                0x00000000200008e8                . = ALIGN (0x4)
 *fill*         0x00000000200008e5        0x3 
                0x00000000200008e8                _ebss = .
                0x00000000200008e8                __bss_end__ = _ebss

._user_heap_stack
                0x00000000200008e8     0x4000 load address 0x00000000080090dc
                0x00000000200008e8                . = ALIGN (0x8)
                [!provide]                        PROVIDE (end = .)
                0x00000000200008e8                PROVIDE (_end = .)
                0x00000000200028e8                . = (. + _Min_Heap_Size)
 *fill*         0x00000000200008e8     0x2000 
                0x00000000200048e8                . = (. + _Min_Stack_Size)
 *fill*         0x00000000200028e8     0x2000 
                0x00000000200048e8                . = ALIGN (0x8)

/DISCARD/
 libc.a(*)
 libm.a(*)
 libgcc.a(*)

.ARM.attributes
                0x0000000000000000       0x30
 *(.ARM.attributes)
 .ARM.attributes
                0x0000000000000000       0x1e c:/st/stm32cubeide_1.8.0/stm32cubeide/plugins/com.st.stm32cube.ide.mcu.externaltools.gnu-tools-for-stm32.9-2020-q2-update.win32_2.0.0.202105311346/tools/bin/../lib/gcc/arm-none-eabi/9.3.1/thumb/v7e-m+fp/hard/crti.o
 .ARM.attributes
                0x000000000000001e       0x34 c:/st/stm32cubeide_1.8.0/stm32cubeide/plugins/com.st.stm32cube.ide.mcu.externaltools.gnu-tools-for-stm32.9-2020-q2-update.win32_2.0.0.202105311346/tools/bin/../lib/gcc/arm-none-eabi/9.3.1/thumb/v7e-m+fp/hard/crtbegin.o
 .ARM.attributes
                0x0000000000000052       0x34 ./Core/Src/gpio.o
 .ARM.attributes
                0x0000000000000086       0x34 ./Core/Src/joystick.o
 .ARM.attributes
                0x00000000000000ba       0x34 ./Core/Src/main.o
 .ARM.attributes
                0x00000000000000ee       0x34 ./Core/Src/mouse.o
 .ARM.attributes
                0x0000000000000122       0x34 ./Core/Src/stm32f4xx_hal_msp.o
 .ARM.attributes
                0x0000000000000156       0x34 ./Core/Src/stm32f4xx_hal_timebase_tim.o
 .ARM.attributes
                0x000000000000018a       0x34 ./Core/Src/stm32f4xx_it.o
 .ARM.attributes
                0x00000000000001be       0x34 ./Core/Src/sysmem.o
 .ARM.attributes
                0x00000000000001f2       0x34 ./Core/Src/system_stm32f4xx.o
 .ARM.attributes
                0x0000000000000226       0x34 ./Core/Src/tim.o
 .ARM.attributes
                0x000000000000025a       0x21 ./Core/Startup/startup_stm32f401rbtx.o
 .ARM.attributes
                0x000000000000027b       0x34 ./Drivers/STM32F4xx_HAL_Driver/Src/stm32f4xx_hal.o
 .ARM.attributes
                0x00000000000002af       0x34 ./Drivers/STM32F4xx_HAL_Driver/Src/stm32f4xx_hal_cortex.o
 .ARM.attributes
                0x00000000000002e3       0x34 ./Drivers/STM32F4xx_HAL_Driver/Src/stm32f4xx_hal_gpio.o
 .ARM.attributes
                0x0000000000000317       0x34 ./Drivers/STM32F4xx_HAL_Driver/Src/stm32f4xx_hal_hcd.o
 .ARM.attributes
                0x000000000000034b       0x34 ./Drivers/STM32F4xx_HAL_Driver/Src/stm32f4xx_hal_rcc.o
 .ARM.attributes
                0x000000000000037f       0x34 ./Drivers/STM32F4xx_HAL_Driver/Src/stm32f4xx_hal_tim.o
 .ARM.attributes
                0x00000000000003b3       0x34 ./Drivers/STM32F4xx_HAL_Driver/Src/stm32f4xx_hal_tim_ex.o
 .ARM.attributes
                0x00000000000003e7       0x34 ./Drivers/STM32F4xx_HAL_Driver/Src/stm32f4xx_ll_usb.o
 .ARM.attributes
                0x000000000000041b       0x34 ./Middlewares/ST/STM32_USB_Host_Library/Class/HID/Src/usbh_hid.o
 .ARM.attributes
                0x000000000000044f       0x34 ./Middlewares/ST/STM32_USB_Host_Library/Class/HID/Src/usbh_hid_gamepad.o
 .ARM.attributes
                0x0000000000000483       0x34 ./Middlewares/ST/STM32_USB_Host_Library/Class/HID/Src/usbh_hid_keybd.o
 .ARM.attributes
                0x00000000000004b7       0x34 ./Middlewares/ST/STM32_USB_Host_Library/Class/HID/Src/usbh_hid_mouse.o
 .ARM.attributes
                0x00000000000004eb       0x34 ./Middlewares/ST/STM32_USB_Host_Library/Class/HID/Src/usbh_hid_reportparser.o
 .ARM.attributes
                0x000000000000051f       0x34 ./Middlewares/ST/STM32_USB_Host_Library/Core/Src/usbh_core.o
 .ARM.attributes
                0x0000000000000553       0x34 ./Middlewares/ST/STM32_USB_Host_Library/Core/Src/usbh_ctlreq.o
 .ARM.attributes
                0x0000000000000587       0x34 ./Middlewares/ST/STM32_USB_Host_Library/Core/Src/usbh_ioreq.o
 .ARM.attributes
                0x00000000000005bb       0x34 ./Middlewares/ST/STM32_USB_Host_Library/Core/Src/usbh_pipes.o
 .ARM.attributes
                0x00000000000005ef       0x34 ./USB_HOST/App/usb_host.o
 .ARM.attributes
                0x0000000000000623       0x34 ./USB_HOST/Target/usbh_conf.o
 .ARM.attributes
                0x0000000000000657       0x34 c:/st/stm32cubeide_1.8.0/stm32cubeide/plugins/com.st.stm32cube.ide.mcu.externaltools.gnu-tools-for-stm32.9-2020-q2-update.win32_2.0.0.202105311346/tools/bin/../lib/gcc/arm-none-eabi/9.3.1/../../../../arm-none-eabi/lib/thumb/v7e-m+fp/hard\libc_nano.a(lib_a-errno.o)
 .ARM.attributes
                0x000000000000068b       0x32 c:/st/stm32cubeide_1.8.0/stm32cubeide/plugins/com.st.stm32cube.ide.mcu.externaltools.gnu-tools-for-stm32.9-2020-q2-update.win32_2.0.0.202105311346/tools/bin/../lib/gcc/arm-none-eabi/9.3.1/../../../../arm-none-eabi/lib/thumb/v7e-m+fp/hard\libc_nano.a(lib_a-impure.o)
 .ARM.attributes
                0x00000000000006bd       0x34 c:/st/stm32cubeide_1.8.0/stm32cubeide/plugins/com.st.stm32cube.ide.mcu.externaltools.gnu-tools-for-stm32.9-2020-q2-update.win32_2.0.0.202105311346/tools/bin/../lib/gcc/arm-none-eabi/9.3.1/../../../../arm-none-eabi/lib/thumb/v7e-m+fp/hard\libc_nano.a(lib_a-init.o)
 .ARM.attributes
                0x00000000000006f1       0x34 c:/st/stm32cubeide_1.8.0/stm32cubeide/plugins/com.st.stm32cube.ide.mcu.externaltools.gnu-tools-for-stm32.9-2020-q2-update.win32_2.0.0.202105311346/tools/bin/../lib/gcc/arm-none-eabi/9.3.1/../../../../arm-none-eabi/lib/thumb/v7e-m+fp/hard\libc_nano.a(lib_a-malloc.o)
 .ARM.attributes
                0x0000000000000725       0x34 c:/st/stm32cubeide_1.8.0/stm32cubeide/plugins/com.st.stm32cube.ide.mcu.externaltools.gnu-tools-for-stm32.9-2020-q2-update.win32_2.0.0.202105311346/tools/bin/../lib/gcc/arm-none-eabi/9.3.1/../../../../arm-none-eabi/lib/thumb/v7e-m+fp/hard\libc_nano.a(lib_a-memset.o)
 .ARM.attributes
                0x0000000000000759       0x34 c:/st/stm32cubeide_1.8.0/stm32cubeide/plugins/com.st.stm32cube.ide.mcu.externaltools.gnu-tools-for-stm32.9-2020-q2-update.win32_2.0.0.202105311346/tools/bin/../lib/gcc/arm-none-eabi/9.3.1/../../../../arm-none-eabi/lib/thumb/v7e-m+fp/hard\libc_nano.a(lib_a-nano-freer.o)
 .ARM.attributes
                0x000000000000078d       0x34 c:/st/stm32cubeide_1.8.0/stm32cubeide/plugins/com.st.stm32cube.ide.mcu.externaltools.gnu-tools-for-stm32.9-2020-q2-update.win32_2.0.0.202105311346/tools/bin/../lib/gcc/arm-none-eabi/9.3.1/../../../../arm-none-eabi/lib/thumb/v7e-m+fp/hard\libc_nano.a(lib_a-nano-mallocr.o)
 .ARM.attributes
                0x00000000000007c1       0x34 c:/st/stm32cubeide_1.8.0/stm32cubeide/plugins/com.st.stm32cube.ide.mcu.externaltools.gnu-tools-for-stm32.9-2020-q2-update.win32_2.0.0.202105311346/tools/bin/../lib/gcc/arm-none-eabi/9.3.1/../../../../arm-none-eabi/lib/thumb/v7e-m+fp/hard\libc_nano.a(lib_a-sbrkr.o)
 .ARM.attributes
                0x00000000000007f5       0x34 c:/st/stm32cubeide_1.8.0/stm32cubeide/plugins/com.st.stm32cube.ide.mcu.externaltools.gnu-tools-for-stm32.9-2020-q2-update.win32_2.0.0.202105311346/tools/bin/../lib/gcc/arm-none-eabi/9.3.1/../../../../arm-none-eabi/lib/thumb/v7e-m+fp/hard\libc_nano.a(lib_a-mlock.o)
 .ARM.attributes
                0x0000000000000829       0x34 c:/st/stm32cubeide_1.8.0/stm32cubeide/plugins/com.st.stm32cube.ide.mcu.externaltools.gnu-tools-for-stm32.9-2020-q2-update.win32_2.0.0.202105311346/tools/bin/../lib/gcc/arm-none-eabi/9.3.1/../../../../arm-none-eabi/lib/thumb/v7e-m+fp/hard\libc_nano.a(lib_a-reent.o)
 .ARM.attributes
                0x000000000000085d       0x34 c:/st/stm32cubeide_1.8.0/stm32cubeide/plugins/com.st.stm32cube.ide.mcu.externaltools.gnu-tools-for-stm32.9-2020-q2-update.win32_2.0.0.202105311346/tools/bin/../lib/gcc/arm-none-eabi/9.3.1/../../../../arm-none-eabi/lib/thumb/v7e-m+fp/hard\libc_nano.a(lib_a-lock.o)
 .ARM.attributes
                0x0000000000000891       0x1e c:/st/stm32cubeide_1.8.0/stm32cubeide/plugins/com.st.stm32cube.ide.mcu.externaltools.gnu-tools-for-stm32.9-2020-q2-update.win32_2.0.0.202105311346/tools/bin/../lib/gcc/arm-none-eabi/9.3.1/thumb/v7e-m+fp/hard\libgcc.a(_aeabi_uldivmod.o)
 .ARM.attributes
                0x00000000000008af       0x34 c:/st/stm32cubeide_1.8.0/stm32cubeide/plugins/com.st.stm32cube.ide.mcu.externaltools.gnu-tools-for-stm32.9-2020-q2-update.win32_2.0.0.202105311346/tools/bin/../lib/gcc/arm-none-eabi/9.3.1/thumb/v7e-m+fp/hard\libgcc.a(_udivmoddi4.o)
 .ARM.attributes
                0x00000000000008e3       0x1e c:/st/stm32cubeide_1.8.0/stm32cubeide/plugins/com.st.stm32cube.ide.mcu.externaltools.gnu-tools-for-stm32.9-2020-q2-update.win32_2.0.0.202105311346/tools/bin/../lib/gcc/arm-none-eabi/9.3.1/thumb/v7e-m+fp/hard\libgcc.a(_dvmd_tls.o)
 .ARM.attributes
                0x0000000000000901       0x1e c:/st/stm32cubeide_1.8.0/stm32cubeide/plugins/com.st.stm32cube.ide.mcu.externaltools.gnu-tools-for-stm32.9-2020-q2-update.win32_2.0.0.202105311346/tools/bin/../lib/gcc/arm-none-eabi/9.3.1/thumb/v7e-m+fp/hard/crtn.o
OUTPUT(A1200HIDToDB9.elf elf32-littlearm)
LOAD linker stubs
LOAD c:/st/stm32cubeide_1.8.0/stm32cubeide/plugins/com.st.stm32cube.ide.mcu.externaltools.gnu-tools-for-stm32.9-2020-q2-update.win32_2.0.0.202105311346/tools/bin/../lib/gcc/arm-none-eabi/9.3.1/../../../../arm-none-eabi/lib/thumb/v7e-m+fp/hard\libc.a
LOAD c:/st/stm32cubeide_1.8.0/stm32cubeide/plugins/com.st.stm32cube.ide.mcu.externaltools.gnu-tools-for-stm32.9-2020-q2-update.win32_2.0.0.202105311346/tools/bin/../lib/gcc/arm-none-eabi/9.3.1/../../../../arm-none-eabi/lib/thumb/v7e-m+fp/hard\libm.a
LOAD c:/st/stm32cubeide_1.8.0/stm32cubeide/plugins/com.st.stm32cube.ide.mcu.externaltools.gnu-tools-for-stm32.9-2020-q2-update.win32_2.0.0.202105311346/tools/bin/../lib/gcc/arm-none-eabi/9.3.1/thumb/v7e-m+fp/hard\libgcc.a

.debug_info     0x0000000000000000    0x21d98
 .debug_info    0x0000000000000000      0x53e ./Core/Src/gpio.o
 .debug_info    0x000000000000053e     0x14cd ./Core/Src/joystick.o
 .debug_info    0x0000000000001a0b      0xc4d ./Core/Src/main.o
 .debug_info    0x0000000000002658     0x17b0 ./Core/Src/mouse.o
 .debug_info    0x0000000000003e08      0x54f ./Core/Src/stm32f4xx_hal_msp.o
 .debug_info    0x0000000000004357      0xbfa ./Core/Src/stm32f4xx_hal_timebase_tim.o
 .debug_info    0x0000000000004f51      0xd26 ./Core/Src/stm32f4xx_it.o
 .debug_info    0x0000000000005c77      0xa25 ./Core/Src/sysmem.o
 .debug_info    0x000000000000669c      0x5d0 ./Core/Src/system_stm32f4xx.o
 .debug_info    0x0000000000006c6c      0xd21 ./Core/Src/tim.o
 .debug_info    0x000000000000798d       0x22 ./Core/Startup/startup_stm32f401rbtx.o
 .debug_info    0x00000000000079af      0x93d ./Drivers/STM32F4xx_HAL_Driver/Src/stm32f4xx_hal.o
 .debug_info    0x00000000000082ec      0xe41 ./Drivers/STM32F4xx_HAL_Driver/Src/stm32f4xx_hal_cortex.o
 .debug_info    0x000000000000912d      0x862 ./Drivers/STM32F4xx_HAL_Driver/Src/stm32f4xx_hal_gpio.o
 .debug_info    0x000000000000998f      0xf67 ./Drivers/STM32F4xx_HAL_Driver/Src/stm32f4xx_hal_hcd.o
 .debug_info    0x000000000000a8f6      0x9bd ./Drivers/STM32F4xx_HAL_Driver/Src/stm32f4xx_hal_rcc.o
 .debug_info    0x000000000000b2b3     0x2c1a ./Drivers/STM32F4xx_HAL_Driver/Src/stm32f4xx_hal_tim.o
 .debug_info    0x000000000000decd     0x159a ./Drivers/STM32F4xx_HAL_Driver/Src/stm32f4xx_hal_tim_ex.o
 .debug_info    0x000000000000f467     0x1ab4 ./Drivers/STM32F4xx_HAL_Driver/Src/stm32f4xx_ll_usb.o
 .debug_info    0x0000000000010f1b     0x1e0e ./Middlewares/ST/STM32_USB_Host_Library/Class/HID/Src/usbh_hid.o
 .debug_info    0x0000000000012d29     0x19a6 ./Middlewares/ST/STM32_USB_Host_Library/Class/HID/Src/usbh_hid_gamepad.o
 .debug_info    0x00000000000146cf     0x1a92 ./Middlewares/ST/STM32_USB_Host_Library/Class/HID/Src/usbh_hid_keybd.o
 .debug_info    0x0000000000016161     0x19a9 ./Middlewares/ST/STM32_USB_Host_Library/Class/HID/Src/usbh_hid_mouse.o
 .debug_info    0x0000000000017b0a      0xd80 ./Middlewares/ST/STM32_USB_Host_Library/Class/HID/Src/usbh_hid_reportparser.o
 .debug_info    0x000000000001888a     0x1865 ./Middlewares/ST/STM32_USB_Host_Library/Core/Src/usbh_core.o
 .debug_info    0x000000000001a0ef     0x192f ./Middlewares/ST/STM32_USB_Host_Library/Core/Src/usbh_ctlreq.o
 .debug_info    0x000000000001ba1e     0x1669 ./Middlewares/ST/STM32_USB_Host_Library/Core/Src/usbh_ioreq.o
 .debug_info    0x000000000001d087     0x1491 ./Middlewares/ST/STM32_USB_Host_Library/Core/Src/usbh_pipes.o
 .debug_info    0x000000000001e518     0x14a0 ./USB_HOST/App/usb_host.o
 .debug_info    0x000000000001f9b8     0x23e0 ./USB_HOST/Target/usbh_conf.o

.debug_abbrev   0x0000000000000000     0x4857
 .debug_abbrev  0x0000000000000000      0x14e ./Core/Src/gpio.o
 .debug_abbrev  0x000000000000014e      0x280 ./Core/Src/joystick.o
 .debug_abbrev  0x00000000000003ce      0x1ff ./Core/Src/main.o
 .debug_abbrev  0x00000000000005cd      0x2c7 ./Core/Src/mouse.o
 .debug_abbrev  0x0000000000000894      0x126 ./Core/Src/stm32f4xx_hal_msp.o
 .debug_abbrev  0x00000000000009ba      0x1d0 ./Core/Src/stm32f4xx_hal_timebase_tim.o
 .debug_abbrev  0x0000000000000b8a      0x1e1 ./Core/Src/stm32f4xx_it.o
 .debug_abbrev  0x0000000000000d6b      0x1bf ./Core/Src/sysmem.o
 .debug_abbrev  0x0000000000000f2a      0x145 ./Core/Src/system_stm32f4xx.o
 .debug_abbrev  0x000000000000106f      0x1d7 ./Core/Src/tim.o
 .debug_abbrev  0x0000000000001246       0x12 ./Core/Startup/startup_stm32f401rbtx.o
 .debug_abbrev  0x0000000000001258      0x21e ./Drivers/STM32F4xx_HAL_Driver/Src/stm32f4xx_hal.o
 .debug_abbrev  0x0000000000001476      0x33c ./Drivers/STM32F4xx_HAL_Driver/Src/stm32f4xx_hal_cortex.o
 .debug_abbrev  0x00000000000017b2      0x1f1 ./Drivers/STM32F4xx_HAL_Driver/Src/stm32f4xx_hal_gpio.o
 .debug_abbrev  0x00000000000019a3      0x28d ./Drivers/STM32F4xx_HAL_Driver/Src/stm32f4xx_hal_hcd.o
 .debug_abbrev  0x0000000000001c30      0x275 ./Drivers/STM32F4xx_HAL_Driver/Src/stm32f4xx_hal_rcc.o
 .debug_abbrev  0x0000000000001ea5      0x26f ./Drivers/STM32F4xx_HAL_Driver/Src/stm32f4xx_hal_tim.o
 .debug_abbrev  0x0000000000002114      0x277 ./Drivers/STM32F4xx_HAL_Driver/Src/stm32f4xx_hal_tim_ex.o
 .debug_abbrev  0x000000000000238b      0x2a7 ./Drivers/STM32F4xx_HAL_Driver/Src/stm32f4xx_ll_usb.o
 .debug_abbrev  0x0000000000002632      0x3a7 ./Middlewares/ST/STM32_USB_Host_Library/Class/HID/Src/usbh_hid.o
 .debug_abbrev  0x00000000000029d9      0x32b ./Middlewares/ST/STM32_USB_Host_Library/Class/HID/Src/usbh_hid_gamepad.o
 .debug_abbrev  0x0000000000002d04      0x326 ./Middlewares/ST/STM32_USB_Host_Library/Class/HID/Src/usbh_hid_keybd.o
 .debug_abbrev  0x000000000000302a      0x30f ./Middlewares/ST/STM32_USB_Host_Library/Class/HID/Src/usbh_hid_mouse.o
 .debug_abbrev  0x0000000000003339      0x219 ./Middlewares/ST/STM32_USB_Host_Library/Class/HID/Src/usbh_hid_reportparser.o
 .debug_abbrev  0x0000000000003552      0x3bb ./Middlewares/ST/STM32_USB_Host_Library/Core/Src/usbh_core.o
 .debug_abbrev  0x000000000000390d      0x367 ./Middlewares/ST/STM32_USB_Host_Library/Core/Src/usbh_ctlreq.o
 .debug_abbrev  0x0000000000003c74      0x2b5 ./Middlewares/ST/STM32_USB_Host_Library/Core/Src/usbh_ioreq.o
 .debug_abbrev  0x0000000000003f29      0x2f3 ./Middlewares/ST/STM32_USB_Host_Library/Core/Src/usbh_pipes.o
 .debug_abbrev  0x000000000000421c      0x2a4 ./USB_HOST/App/usb_host.o
 .debug_abbrev  0x00000000000044c0      0x397 ./USB_HOST/Target/usbh_conf.o

.debug_aranges  0x0000000000000000     0x1170
 .debug_aranges
                0x0000000000000000       0x20 ./Core/Src/gpio.o
 .debug_aranges
                0x0000000000000020       0x20 ./Core/Src/joystick.o
 .debug_aranges
                0x0000000000000040       0x38 ./Core/Src/main.o
 .debug_aranges
                0x0000000000000078       0x38 ./Core/Src/mouse.o
 .debug_aranges
                0x00000000000000b0       0x20 ./Core/Src/stm32f4xx_hal_msp.o
 .debug_aranges
                0x00000000000000d0       0x30 ./Core/Src/stm32f4xx_hal_timebase_tim.o
 .debug_aranges
                0x0000000000000100       0x88 ./Core/Src/stm32f4xx_it.o
 .debug_aranges
                0x0000000000000188       0x20 ./Core/Src/sysmem.o
 .debug_aranges
                0x00000000000001a8       0x28 ./Core/Src/system_stm32f4xx.o
 .debug_aranges
                0x00000000000001d0       0x38 ./Core/Src/tim.o
 .debug_aranges
                0x0000000000000208       0x28 ./Core/Startup/startup_stm32f401rbtx.o
 .debug_aranges
                0x0000000000000230       0xf0 ./Drivers/STM32F4xx_HAL_Driver/Src/stm32f4xx_hal.o
 .debug_aranges
                0x0000000000000320      0x118 ./Drivers/STM32F4xx_HAL_Driver/Src/stm32f4xx_hal_cortex.o
 .debug_aranges
                0x0000000000000438       0x58 ./Drivers/STM32F4xx_HAL_Driver/Src/stm32f4xx_hal_gpio.o
 .debug_aranges
                0x0000000000000490       0xf8 ./Drivers/STM32F4xx_HAL_Driver/Src/stm32f4xx_hal_hcd.o
 .debug_aranges
                0x0000000000000588       0x88 ./Drivers/STM32F4xx_HAL_Driver/Src/stm32f4xx_hal_rcc.o
 .debug_aranges
                0x0000000000000610      0x3d0 ./Drivers/STM32F4xx_HAL_Driver/Src/stm32f4xx_hal_tim.o
 .debug_aranges
                0x00000000000009e0      0x168 ./Drivers/STM32F4xx_HAL_Driver/Src/stm32f4xx_hal_tim_ex.o
 .debug_aranges
                0x0000000000000b48      0x198 ./Drivers/STM32F4xx_HAL_Driver/Src/stm32f4xx_ll_usb.o
 .debug_aranges
                0x0000000000000ce0       0xb8 ./Middlewares/ST/STM32_USB_Host_Library/Class/HID/Src/usbh_hid.o
 .debug_aranges
                0x0000000000000d98       0x38 ./Middlewares/ST/STM32_USB_Host_Library/Class/HID/Src/usbh_hid_gamepad.o
 .debug_aranges
                0x0000000000000dd0       0x38 ./Middlewares/ST/STM32_USB_Host_Library/Class/HID/Src/usbh_hid_keybd.o
 .debug_aranges
                0x0000000000000e08       0x38 ./Middlewares/ST/STM32_USB_Host_Library/Class/HID/Src/usbh_hid_mouse.o
 .debug_aranges
                0x0000000000000e40       0x28 ./Middlewares/ST/STM32_USB_Host_Library/Class/HID/Src/usbh_hid_reportparser.o
 .debug_aranges
                0x0000000000000e68       0xc0 ./Middlewares/ST/STM32_USB_Host_Library/Core/Src/usbh_core.o
 .debug_aranges
                0x0000000000000f28       0xa0 ./Middlewares/ST/STM32_USB_Host_Library/Core/Src/usbh_ctlreq.o
 .debug_aranges
                0x0000000000000fc8       0x60 ./Middlewares/ST/STM32_USB_Host_Library/Core/Src/usbh_ioreq.o
 .debug_aranges
                0x0000000000001028       0x40 ./Middlewares/ST/STM32_USB_Host_Library/Core/Src/usbh_pipes.o
 .debug_aranges
                0x0000000000001068       0x30 ./USB_HOST/App/usb_host.o
 .debug_aranges
                0x0000000000001098       0xd8 ./USB_HOST/Target/usbh_conf.o

.debug_ranges   0x0000000000000000      0xfb0
 .debug_ranges  0x0000000000000000       0x10 ./Core/Src/gpio.o
 .debug_ranges  0x0000000000000010       0x10 ./Core/Src/joystick.o
 .debug_ranges  0x0000000000000020       0x28 ./Core/Src/main.o
 .debug_ranges  0x0000000000000048       0x28 ./Core/Src/mouse.o
 .debug_ranges  0x0000000000000070       0x10 ./Core/Src/stm32f4xx_hal_msp.o
 .debug_ranges  0x0000000000000080       0x20 ./Core/Src/stm32f4xx_hal_timebase_tim.o
 .debug_ranges  0x00000000000000a0       0x78 ./Core/Src/stm32f4xx_it.o
 .debug_ranges  0x0000000000000118       0x10 ./Core/Src/sysmem.o
 .debug_ranges  0x0000000000000128       0x18 ./Core/Src/system_stm32f4xx.o
 .debug_ranges  0x0000000000000140       0x28 ./Core/Src/tim.o
 .debug_ranges  0x0000000000000168       0x20 ./Core/Startup/startup_stm32f401rbtx.o
 .debug_ranges  0x0000000000000188       0xe0 ./Drivers/STM32F4xx_HAL_Driver/Src/stm32f4xx_hal.o
 .debug_ranges  0x0000000000000268      0x108 ./Drivers/STM32F4xx_HAL_Driver/Src/stm32f4xx_hal_cortex.o
 .debug_ranges  0x0000000000000370       0x48 ./Drivers/STM32F4xx_HAL_Driver/Src/stm32f4xx_hal_gpio.o
 .debug_ranges  0x00000000000003b8       0xe8 ./Drivers/STM32F4xx_HAL_Driver/Src/stm32f4xx_hal_hcd.o
 .debug_ranges  0x00000000000004a0       0x78 ./Drivers/STM32F4xx_HAL_Driver/Src/stm32f4xx_hal_rcc.o
 .debug_ranges  0x0000000000000518      0x3c0 ./Drivers/STM32F4xx_HAL_Driver/Src/stm32f4xx_hal_tim.o
 .debug_ranges  0x00000000000008d8      0x158 ./Drivers/STM32F4xx_HAL_Driver/Src/stm32f4xx_hal_tim_ex.o
 .debug_ranges  0x0000000000000a30      0x188 ./Drivers/STM32F4xx_HAL_Driver/Src/stm32f4xx_ll_usb.o
 .debug_ranges  0x0000000000000bb8       0xa8 ./Middlewares/ST/STM32_USB_Host_Library/Class/HID/Src/usbh_hid.o
 .debug_ranges  0x0000000000000c60       0x28 ./Middlewares/ST/STM32_USB_Host_Library/Class/HID/Src/usbh_hid_gamepad.o
 .debug_ranges  0x0000000000000c88       0x28 ./Middlewares/ST/STM32_USB_Host_Library/Class/HID/Src/usbh_hid_keybd.o
 .debug_ranges  0x0000000000000cb0       0x28 ./Middlewares/ST/STM32_USB_Host_Library/Class/HID/Src/usbh_hid_mouse.o
 .debug_ranges  0x0000000000000cd8       0x18 ./Middlewares/ST/STM32_USB_Host_Library/Class/HID/Src/usbh_hid_reportparser.o
 .debug_ranges  0x0000000000000cf0       0xc8 ./Middlewares/ST/STM32_USB_Host_Library/Core/Src/usbh_core.o
 .debug_ranges  0x0000000000000db8       0x90 ./Middlewares/ST/STM32_USB_Host_Library/Core/Src/usbh_ctlreq.o
 .debug_ranges  0x0000000000000e48       0x50 ./Middlewares/ST/STM32_USB_Host_Library/Core/Src/usbh_ioreq.o
 .debug_ranges  0x0000000000000e98       0x30 ./Middlewares/ST/STM32_USB_Host_Library/Core/Src/usbh_pipes.o
 .debug_ranges  0x0000000000000ec8       0x20 ./USB_HOST/App/usb_host.o
 .debug_ranges  0x0000000000000ee8       0xc8 ./USB_HOST/Target/usbh_conf.o

.debug_macro    0x0000000000000000    0x1b67b
 .debug_macro   0x0000000000000000      0x1f6 ./Core/Src/gpio.o
 .debug_macro   0x00000000000001f6      0xaa8 ./Core/Src/gpio.o
 .debug_macro   0x0000000000000c9e      0x29b ./Core/Src/gpio.o
 .debug_macro   0x0000000000000f39       0x2e ./Core/Src/gpio.o
 .debug_macro   0x0000000000000f67       0x28 ./Core/Src/gpio.o
 .debug_macro   0x0000000000000f8f       0x22 ./Core/Src/gpio.o
 .debug_macro   0x0000000000000fb1       0x8e ./Core/Src/gpio.o
 .debug_macro   0x000000000000103f       0x51 ./Core/Src/gpio.o
 .debug_macro   0x0000000000001090      0x103 ./Core/Src/gpio.o
 .debug_macro   0x0000000000001193       0x6a ./Core/Src/gpio.o
 .debug_macro   0x00000000000011fd      0x1df ./Core/Src/gpio.o
 .debug_macro   0x00000000000013dc       0x1c ./Core/Src/gpio.o
 .debug_macro   0x00000000000013f8       0x22 ./Core/Src/gpio.o
 .debug_macro   0x000000000000141a       0xdf ./Core/Src/gpio.o
 .debug_macro   0x00000000000014f9     0x102d ./Core/Src/gpio.o
 .debug_macro   0x0000000000002526      0x11f ./Core/Src/gpio.o
 .debug_macro   0x0000000000002645     0xb86c ./Core/Src/gpio.o
 .debug_macro   0x000000000000deb1       0x6d ./Core/Src/gpio.o
 .debug_macro   0x000000000000df1e     0x3666 ./Core/Src/gpio.o
 .debug_macro   0x0000000000011584      0x174 ./Core/Src/gpio.o
 .debug_macro   0x00000000000116f8       0x5c ./Core/Src/gpio.o
 .debug_macro   0x0000000000011754      0x416 ./Core/Src/gpio.o
 .debug_macro   0x0000000000011b6a      0x9fe ./Core/Src/gpio.o
 .debug_macro   0x0000000000012568      0x116 ./Core/Src/gpio.o
 .debug_macro   0x000000000001267e       0xf8 ./Core/Src/gpio.o
 .debug_macro   0x0000000000012776       0xa5 ./Core/Src/gpio.o
 .debug_macro   0x000000000001281b      0x15f ./Core/Src/gpio.o
 .debug_macro   0x000000000001297a      0x287 ./Core/Src/gpio.o
 .debug_macro   0x0000000000012c01       0x5f ./Core/Src/gpio.o
 .debug_macro   0x0000000000012c60      0x236 ./Core/Src/gpio.o
 .debug_macro   0x0000000000012e96      0x132 ./Core/Src/gpio.o
 .debug_macro   0x0000000000012fc8      0x23a ./Core/Src/gpio.o
 .debug_macro   0x0000000000013202       0x2e ./Core/Src/gpio.o
 .debug_macro   0x0000000000013230      0x11a ./Core/Src/gpio.o
 .debug_macro   0x000000000001334a       0x85 ./Core/Src/gpio.o
 .debug_macro   0x00000000000133cf       0x89 ./Core/Src/gpio.o
 .debug_macro   0x0000000000013458      0x8d1 ./Core/Src/gpio.o
 .debug_macro   0x0000000000013d29       0x47 ./Core/Src/gpio.o
 .debug_macro   0x0000000000013d70      0x21e ./Core/Src/gpio.o
 .debug_macro   0x0000000000013f8e       0x7c ./Core/Src/gpio.o
 .debug_macro   0x000000000001400a      0x126 ./Core/Src/gpio.o
 .debug_macro   0x0000000000014130       0x64 ./Core/Src/gpio.o
 .debug_macro   0x0000000000014194      0x455 ./Core/Src/joystick.o
 .debug_macro   0x00000000000145e9       0x52 ./Core/Src/joystick.o
 .debug_macro   0x000000000001463b       0x18 ./Core/Src/joystick.o
 .debug_macro   0x0000000000014653       0x3c ./Core/Src/joystick.o
 .debug_macro   0x000000000001468f       0x34 ./Core/Src/joystick.o
 .debug_macro   0x00000000000146c3       0x16 ./Core/Src/joystick.o
 .debug_macro   0x00000000000146d9       0x35 ./Core/Src/joystick.o
 .debug_macro   0x000000000001470e      0x333 ./Core/Src/joystick.o
 .debug_macro   0x0000000000014a41       0x10 ./Core/Src/joystick.o
 .debug_macro   0x0000000000014a51       0x16 ./Core/Src/joystick.o
 .debug_macro   0x0000000000014a67       0x43 ./Core/Src/joystick.o
 .debug_macro   0x0000000000014aaa       0x34 ./Core/Src/joystick.o
 .debug_macro   0x0000000000014ade       0x10 ./Core/Src/joystick.o
 .debug_macro   0x0000000000014aee       0x58 ./Core/Src/joystick.o
 .debug_macro   0x0000000000014b46       0x71 ./Core/Src/joystick.o
 .debug_macro   0x0000000000014bb7       0x1c ./Core/Src/joystick.o
 .debug_macro   0x0000000000014bd3      0x12a ./Core/Src/joystick.o
 .debug_macro   0x0000000000014cfd       0x10 ./Core/Src/joystick.o
 .debug_macro   0x0000000000014d0d       0x1c ./Core/Src/joystick.o
 .debug_macro   0x0000000000014d29       0x52 ./Core/Src/joystick.o
 .debug_macro   0x0000000000014d7b       0x22 ./Core/Src/joystick.o
 .debug_macro   0x0000000000014d9d       0x10 ./Core/Src/joystick.o
 .debug_macro   0x0000000000014dad       0x40 ./Core/Src/joystick.o
 .debug_macro   0x0000000000014ded       0xd5 ./Core/Src/joystick.o
 .debug_macro   0x0000000000014ec2       0x1c ./Core/Src/joystick.o
 .debug_macro   0x0000000000014ede       0x3d ./Core/Src/joystick.o
 .debug_macro   0x0000000000014f1b       0x16 ./Core/Src/joystick.o
 .debug_macro   0x0000000000014f31      0x145 ./Core/Src/joystick.o
 .debug_macro   0x0000000000015076       0x16 ./Core/Src/joystick.o
 .debug_macro   0x000000000001508c       0x16 ./Core/Src/joystick.o
 .debug_macro   0x00000000000150a2       0x29 ./Core/Src/joystick.o
 .debug_macro   0x00000000000150cb       0x16 ./Core/Src/joystick.o
 .debug_macro   0x00000000000150e1       0x20 ./Core/Src/joystick.o
 .debug_macro   0x0000000000015101       0x6a ./Core/Src/joystick.o
 .debug_macro   0x000000000001516b       0x73 ./Core/Src/joystick.o
 .debug_macro   0x00000000000151de       0x22 ./Core/Src/joystick.o
 .debug_macro   0x0000000000015200      0x213 ./Core/Src/joystick.o
 .debug_macro   0x0000000000015413       0x2e ./Core/Src/joystick.o
 .debug_macro   0x0000000000015441       0x2e ./Core/Src/joystick.o
 .debug_macro   0x000000000001546f       0x28 ./Core/Src/joystick.o
 .debug_macro   0x0000000000015497      0x5b6 ./Core/Src/joystick.o
 .debug_macro   0x0000000000015a4d      0x136 ./Core/Src/joystick.o
 .debug_macro   0x0000000000015b83      0x20e ./Core/Src/main.o
 .debug_macro   0x0000000000015d91      0x45a ./Core/Src/mouse.o
 .debug_macro   0x00000000000161eb       0x22 ./Core/Src/mouse.o
 .debug_macro   0x000000000001620d      0x1ec ./Core/Src/stm32f4xx_hal_msp.o
 .debug_macro   0x00000000000163f9      0x1dd ./Core/Src/stm32f4xx_hal_timebase_tim.o
 .debug_macro   0x00000000000165d6      0x1f6 ./Core/Src/stm32f4xx_it.o
 .debug_macro   0x00000000000167cc       0xff ./Core/Src/sysmem.o