usbh_hid.c:425:27:USBH_HID_ClassRequest	0	static
usbh_hid.c:503:27:USBH_HID_SOFProcess	12	static
usbh_hid.c:375:27:USBH_HID_InterfaceDeInit	24	static
usbh_hid.c:138:27:USBH_HID_InterfaceInit	48	static
usbh_hid.c:417:6:USBH_HID_NextInterface	0	static
usbh_hid.c:524:20:USBH_HID_GetHIDReportDescriptor	16	static
usbh_hid.c:550:20:USBH_HID_GetHIDDescriptor	16	static
usbh_hid.c:569:20:USBH_HID_SetIdle	8	static
usbh_hid.c:596:20:USBH_HID_SetReport	12	static
usbh_hid.c:624:20:USBH_HID_GetReport	12	static
usbh_hid.c:649:20:USBH_HID_SetProtocol	8	static
usbh_hid.c:667:20:USBH_HID_GetProtocol	16	static
usbh_hid.c:707:17:USBH_HID_GetDeviceType	0	static
usbh_hid.c:731:9:USBH_HID_GetPollInterval	0	static
usbh_hid.c:752:6:USBH_HID_FifoInit	0	static
usbh_hid.c:768:10:USBH_HID_FifoRead	16	static
usbh_hid.c:805:10:USBH_HID_FifoWrite	20	static
usbh_hid.c:840:13:USBH_HID_EventCallback	0	static
usbh_hid.c:436:27:USBH_HID_Process	24	static
